
Allocating common symbols
Common symbol       size              file

netbufpool          0x4               binaries/net.o
readylist           0x2               binaries/ready.o
rfltab              0x5a0             binaries/rflinit.o
sleepq              0x2               binaries/clkinit.o
nnames              0x4               binaries/naminit.o
udptab              0x168             binaries/udp.o
minheap             0x4               binaries/meminit.o
marks               0x50              binaries/mark.o
currpid             0x4               binaries/initialize.o
Lf_data             0x20c             binaries/lfsinit.o
porttab             0x2d0             binaries/ptinit.o
girmask             0x2               binaries/evec.o
ttytab              0x10c             binaries/ttyinit.o
proctab             0x15e0            binaries/initialize.o
prcount             0x4               binaries/initialize.o
lfltab              0xf00             binaries/lflinit.o
rdstab              0x8c              binaries/rdsinit.o
ethertab            0x138             binaries/ethinit.o
NetData             0xa8              binaries/net.o
nmarks              0x4               binaries/mark.o
Defer               0x8               binaries/resched.o
semtab              0x4b0             binaries/initialize.o
maxheap             0x4               binaries/meminit.o
preempt             0x4               binaries/clkinit.o
buftab              0xf0              binaries/bufinit.o
Rf_data             0x18              binaries/rfsinit.o
mkmutex             0x4               binaries/mark.o
clktime             0x4               binaries/clkinit.o
arpcache            0x140             binaries/arp.o
icmptab             0x230             binaries/icmp.o
nbpools             0x4               binaries/bufinit.o
queuetab            0x980             binaries/queue.o
ptnextid            0x4               binaries/ptinit.o
Ram                 0x19000           binaries/raminit.o
plzhackme           0x4               binaries/main.o
ipoqueue            0x2c              binaries/ip.o
memlist             0x8               binaries/initialize.o
nametab             0x19a0            binaries/naminit.o
ptfree              0x4               binaries/ptinit.o

Memory Configuration

Name             Origin             Length             Attributes
*default*        0x0000000000000000 0xffffffffffffffff

Linker script and memory map

                0x0000000000100000                physbase = 0x100000
                0x0000000000100000                . = physbase
                0x0000000000100000                . = ALIGN (0x1000)

.text           0x0000000000100000    0x15000
                0x0000000000100000                text = ABSOLUTE (.)
 *(.text .text.*)
 .text          0x0000000000100000      0x1ab binaries/start.o
                0x0000000000100028                start
                0x00000000001000f9                inb
                0x0000000000100101                inw
                0x000000000010010a                inl
                0x0000000000100112                outb
                0x000000000010011c                outw
                0x0000000000100127                outl
                0x0000000000100131                _rtcin
                0x000000000010013c                ___udivsi3
                0x0000000000100147                ___divsi3
                0x0000000000100153                sbzero
                0x0000000000100163                bcopy
                0x0000000000100177                insw
                0x000000000010018d                outsw
                0x00000000001001a3                lidt
 .text          0x00000000001001ab      0x2b9 binaries/ascdate.o
                0x00000000001001ab                ascdate
 .text          0x0000000000100464       0x14 binaries/bufinit.o
                0x0000000000100464                bufinit
 .text          0x0000000000100478       0x74 binaries/chprio.o
                0x0000000000100478                chprio
 .text          0x00000000001004ec       0x74 binaries/clkhandler.o
                0x00000000001004ec                clkhandler
 .text          0x0000000000100560       0x5d binaries/clkinit.o
                0x0000000000100560                clkinit
 .text          0x00000000001005bd       0x56 binaries/close.o
                0x00000000001005bd                close
 .text          0x0000000000100613        0x0 binaries/conf.o
 .text          0x0000000000100613       0x5c binaries/control.o
                0x0000000000100613                control
 .text          0x000000000010066f      0x26b binaries/create.o
                0x000000000010066f                create
 .text          0x00000000001008da      0x20e binaries/early_imr.o
                0x00000000001008da                intel_cln_early_sb_read_reg
                0x0000000000100931                intel_cln_early_sb_write_reg
                0x00000000001009eb                remove_irm_protections
 .text          0x0000000000100ae8      0x2f4 binaries/evec.o
                0x0000000000100ae8                setirmask
                0x0000000000100b20                set_evec
                0x0000000000100b7b                initevec
                0x0000000000100c4d                trap
 .text          0x0000000000100ddc       0x7f binaries/freebuf.o
                0x0000000000100ddc                freebuf
 .text          0x0000000000100e5b      0x108 binaries/freemem.o
                0x0000000000100e5b                freemem
 .text          0x0000000000100f63       0x6e binaries/getbuf.o
                0x0000000000100f63                getbuf
 .text          0x0000000000100fd1       0x56 binaries/getc.o
                0x0000000000100fd1                getc
 .text          0x0000000000101027       0x69 binaries/getdev.o
                0x0000000000101027                getdev
 .text          0x0000000000101090       0x82 binaries/getitem.o
                0x0000000000101090                getitem
                0x00000000001010bf                getfirst
                0x00000000001010e6                getlast
 .text          0x0000000000101112       0xc2 binaries/getmem.o
                0x0000000000101112                getmem
 .text          0x00000000001011d4        0xa binaries/getpid.o
                0x00000000001011d4                getpid
 .text          0x00000000001011de       0x66 binaries/getprio.o
                0x00000000001011de                getprio
 .text          0x0000000000101244       0xac binaries/getstk.o
                0x0000000000101244                getstk
 .text          0x00000000001012f0       0x32 binaries/gettime.o
                0x00000000001012f0                gettime
 .text          0x0000000000101322      0x198 binaries/getutime.o
                0x0000000000101322                getutime
 .text          0x00000000001014ba       0x56 binaries/init.o
                0x00000000001014ba                init
 .text          0x0000000000101510      0x246 binaries/initialize.o
                0x0000000000101510                nulluser
                0x000000000010170c                stop
                0x0000000000101730                delay
 .text          0x0000000000101756       0xa1 binaries/insert.o
                0x0000000000101756                insert
 .text          0x00000000001017f7       0xf4 binaries/insertd.o
                0x00000000001017f7                insertd
 .text          0x00000000001018eb        0xa binaries/ioerr.o
                0x00000000001018eb                ioerr
 .text          0x00000000001018f5        0xa binaries/ionull.o
                0x00000000001018f5                ionull
 .text          0x00000000001018ff      0x19d binaries/kill.o
                0x00000000001018ff                kill
 .text          0x0000000000101a9c       0xa9 binaries/kprintf.o
                0x0000000000101a9c                kputc
                0x0000000000101ace                console_init
                0x0000000000101b01                kgetc
                0x0000000000101b27                kprintf
 .text          0x0000000000101b45      0x163 binaries/main.o
                0x0000000000101b45                main
 .text          0x0000000000101ca8       0x99 binaries/mark.o
                0x0000000000101ca8                markinit
                0x0000000000101cc9                mark
 .text          0x0000000000101d41      0x1ff binaries/meminit.o
                0x0000000000101d41                meminit
                0x0000000000101ed0                setsegs
 .text          0x0000000000101f40      0x122 binaries/mkbufpool.o
                0x0000000000101f40                mkbufpool
 .text          0x0000000000102062       0x63 binaries/newqueue.o
                0x0000000000102062                newqueue
 .text          0x00000000001020c5       0x5c binaries/open.o
                0x00000000001020c5                open
 .text          0x0000000000102121       0x20 binaries/panic.o
                0x0000000000102121                panic
 .text          0x0000000000102141      0x282 binaries/pci.o
                0x0000000000102141                pci_init
                0x000000000010214b                find_pci_device
                0x000000000010220a                pci_read_config_byte
                0x0000000000102248                pci_read_config_word
                0x0000000000102288                pci_read_config_dword
                0x00000000001022c6                pci_write_config_byte
                0x0000000000102302                pci_write_config_word
                0x000000000010233f                pci_write_config_dword
                0x000000000010237b                pci_get_dev_mmio_base_addr
 .text          0x00000000001023c3       0x50 binaries/platinit.o
                0x00000000001023c3                platinit
 .text          0x0000000000102413       0xa9 binaries/ptclear.o
                0x0000000000102413                _ptclear
 .text          0x00000000001024bc       0x85 binaries/ptcount.o
                0x00000000001024bc                ptcount
 .text          0x0000000000102541       0xfe binaries/ptcreate.o
                0x0000000000102541                ptcreate
 .text          0x000000000010263f       0x63 binaries/ptdelete.o
                0x000000000010263f                ptdelete
 .text          0x00000000001026a2       0x91 binaries/ptinit.o
                0x00000000001026a2                ptinit
 .text          0x0000000000102733       0xf5 binaries/ptrecv.o
                0x0000000000102733                ptrecv
 .text          0x0000000000102828       0x66 binaries/ptreset.o
                0x0000000000102828                ptreset
 .text          0x000000000010288e      0x115 binaries/ptsend.o
                0x000000000010288e                ptsend
 .text          0x00000000001029a3       0x64 binaries/putc.o
                0x00000000001029a3                putc
 .text          0x0000000000102a07       0xb3 binaries/quark_irq.o
                0x0000000000102a07                quark_irq_routing
 .text          0x0000000000102aba      0x19a binaries/quark_pdat.o
                0x0000000000102aba                get_quark_pdat_entry_data_by_id
                0x0000000000102b84                get_quark_pdat_entry_data_by_desc
 .text          0x0000000000102c54       0xb9 binaries/queue.o
                0x0000000000102c54                enqueue
                0x0000000000102cc2                dequeue
 .text          0x0000000000102d0d       0x5c binaries/read.o
                0x0000000000102d0d                read
 .text          0x0000000000102d69       0x6c binaries/ready.o
                0x0000000000102d69                ready
 .text          0x0000000000102dd5       0x6e binaries/receive.o
                0x0000000000102dd5                receive
 .text          0x0000000000102e43       0x57 binaries/recvclr.o
                0x0000000000102e43                recvclr
 .text          0x0000000000102e9a       0xc8 binaries/recvtime.o
                0x0000000000102e9a                recvtime
 .text          0x0000000000102f62      0x150 binaries/resched.o
                0x0000000000102f62                resched
                0x0000000000103040                resched_cntl
 .text          0x00000000001030b2       0x90 binaries/resume.o
                0x00000000001030b2                resume
 .text          0x0000000000103142       0x59 binaries/seek.o
                0x0000000000103142                seek
 .text          0x000000000010319b       0x51 binaries/semcount.o
                0x000000000010319b                semcount
 .text          0x00000000001031ec       0x93 binaries/semcreate.o
                0x00000000001031ec                semcreate
 .text          0x000000000010327f       0xd1 binaries/semdelete.o
                0x000000000010327f                semdelete
 .text          0x0000000000103350       0xa8 binaries/semreset.o
                0x0000000000103350                semreset
 .text          0x00000000001033f8       0xd1 binaries/send.o
                0x00000000001033f8                send
 .text          0x00000000001034c9       0x95 binaries/signal.o
                0x00000000001034c9                signal
 .text          0x000000000010355e       0xc2 binaries/signaln.o
                0x000000000010355e                signaln
 .text          0x0000000000103620       0xc9 binaries/sleep.o
                0x0000000000103620                sleepms
                0x00000000001036b3                sleep
 .text          0x00000000001036e9      0x1ad binaries/stacktrace.o
                0x00000000001036e9                stacktrace
 .text          0x0000000000103896       0xd3 binaries/suspend.o
                0x0000000000103896                suspend
 .text          0x0000000000103969       0x9a binaries/unsleep.o
                0x0000000000103969                unsleep
 .text          0x0000000000103a03       0x19 binaries/userret.o
                0x0000000000103a03                userret
 .text          0x0000000000103a1c       0xb9 binaries/wait.o
                0x0000000000103a1c                wait
 .text          0x0000000000103ad5       0x71 binaries/wakeup.o
                0x0000000000103ad5                wakeup
 .text          0x0000000000103b46       0x5c binaries/write.o
                0x0000000000103b46                write
 .text          0x0000000000103ba2       0x1a binaries/xdone.o
                0x0000000000103ba2                xdone
 .text          0x0000000000103bbc       0x26 binaries/yield.o
                0x0000000000103bbc                yield
 .text          0x0000000000103be2       0x20 binaries/app1.o
                0x0000000000103be2                app1
 .text          0x0000000000103c02       0x72 binaries/app2.o
                0x0000000000103c02                app2
 .text          0x0000000000103c74       0x57 binaries/app3.o
                0x0000000000103c74                app3
 .text          0x0000000000103ccb       0x34 binaries/getppid.o
                0x0000000000103ccb                getppid
 .text          0x0000000000103cff       0x35 binaries/getpstate.o
                0x0000000000103cff                getpstate
 .text          0x0000000000103d34       0x2d binaries/mywelcomemsg.o
                0x0000000000103d34                mywelcomemsg
 .text          0x0000000000103d61        0xe binaries/host2netlb.o
                0x0000000000103d61                host2netlb
 .text          0x0000000000103d6f       0x23 binaries/host2netlc.o
                0x0000000000103d6f                host2netlc
 .text          0x0000000000103d92      0x12c binaries/prntsegaddr.o
                0x0000000000103d92                doit
                0x0000000000103de3                print_size
                0x0000000000103e02                prntsegaddr
 .text          0x0000000000103ebe       0xa5 binaries/stackdepth.o
                0x0000000000103ebe                stackdepth
 .text          0x0000000000103f63       0x24 binaries/stacktop.o
                0x0000000000103f63                stacktop
 .text          0x0000000000103f87       0x8a binaries/myappA.o
                0x0000000000103f87                myfuncA
                0x0000000000103fa3                myappA
 .text          0x0000000000104011       0x26 binaries/myhacker.o
                0x0000000000104011                myhackermalware
                0x0000000000104032                myhacker
 .text          0x0000000000104037       0x65 binaries/myvictim.o
                0x0000000000104037                victim_dummy
                0x0000000000104056                victim_sleeper
                0x0000000000104076                myvictim
 .text          0x000000000010409c       0x11 binaries/abs.o
                0x000000000010409c                abs
 .text          0x00000000001040ad       0x84 binaries/atoi.o
                0x00000000001040ad                atoi
 .text          0x0000000000104131       0x84 binaries/atol.o
                0x0000000000104131                atol
 .text          0x00000000001041b5       0x1a binaries/bzero.o
                0x00000000001041b5                bzero
 .text          0x00000000001041cf        0x0 binaries/ctype_.o
 .text          0x00000000001041cf      0x6bf binaries/doprnt.o
                0x0000000000104322                _doprnt
 .text          0x000000000010488e      0x5f2 binaries/doscan.o
                0x000000000010488e                _doscan
 .text          0x0000000000104e80      0x64e binaries/fdoprnt.o
                0x0000000000104f05                _fdoprnt
 .text          0x00000000001054ce       0x1c binaries/fgetc.o
                0x00000000001054ce                fgetc
 .text          0x00000000001054ea       0x61 binaries/fgets.o
                0x00000000001054ea                fgets
 .text          0x000000000010554b       0x21 binaries/fprintf.o
                0x000000000010554b                fprintf
 .text          0x000000000010556c       0x27 binaries/fputc.o
                0x000000000010556c                fputc
 .text          0x0000000000105593       0x3a binaries/fputs.o
                0x0000000000105593                fputs
 .text          0x00000000001055cd       0x6a binaries/fscanf.o
                0x000000000010560b                fscanf
 .text          0x0000000000105637       0x26 binaries/getchar.o
                0x0000000000105637                getchar
 .text          0x000000000010565d       0x11 binaries/labs.o
                0x000000000010565d                labs
 .text          0x000000000010566e       0x36 binaries/memchr.o
                0x000000000010566e                memchr
 .text          0x00000000001056a4       0x4a binaries/memcmp.o
                0x00000000001056a4                memcmp
 .text          0x00000000001056ee       0x26 binaries/memcpy.o
                0x00000000001056ee                memcpy
 .text          0x0000000000105714       0x1f binaries/memset.o
                0x0000000000105714                memset
 .text          0x0000000000105733       0x37 binaries/printf.o
                0x0000000000105733                printf
 .text          0x000000000010576a       0x29 binaries/putchar.o
                0x000000000010576a                putchar
 .text          0x0000000000105793      0x1cc binaries/qsort.o
                0x0000000000105937                qsort
 .text          0x000000000010595f       0x4c binaries/rand.o
                0x000000000010595f                srand
                0x000000000010596c                rand
 .text          0x00000000001059ab       0x48 binaries/sprintf.o
                0x00000000001059c4                sprintf
 .text          0x00000000001059f3       0x5a binaries/sscanf.o
                0x0000000000105a23                sscanf
 .text          0x0000000000105a4d       0x2f binaries/strchr.o
                0x0000000000105a4d                strchr
 .text          0x0000000000105a7c       0x45 binaries/strcmp.o
                0x0000000000105a7c                strcmp
 .text          0x0000000000105ac1       0x1c binaries/strcpy.o
                0x0000000000105ac1                strcpy
 .text          0x0000000000105add       0x20 binaries/strlen.o
                0x0000000000105add                strlen
 .text          0x0000000000105afd       0x3d binaries/strncat.o
                0x0000000000105afd                strncat
 .text          0x0000000000105b3a       0x3b binaries/strncmp.o
                0x0000000000105b3a                strncmp
 .text          0x0000000000105b75       0x59 binaries/strncpy.o
                0x0000000000105b75                strncpy
 .text          0x0000000000105bce       0x38 binaries/strnlen.o
                0x0000000000105bce                strnlen
 .text          0x0000000000105c06       0x32 binaries/strrchr.o
                0x0000000000105c06                strrchr
 .text          0x0000000000105c38       0x68 binaries/strstr.o
                0x0000000000105c38                strstr
 .text          0x0000000000105ca0      0x112 binaries/ttycontrol.o
                0x0000000000105ca0                ttycontrol
 .text          0x0000000000105db2       0xb0 binaries/ttygetc.o
                0x0000000000105db2                ttygetc
 .text          0x0000000000105e62      0x4a3 binaries/ttyhandle_in.o
                0x0000000000105f26                ttyhandle_in
 .text          0x0000000000106305      0x178 binaries/ttyhandle_out.o
                0x0000000000106305                ttyhandle_out
 .text          0x000000000010647d       0x85 binaries/ttyhandler.o
                0x000000000010647d                ttyhandler
 .text          0x0000000000106502      0x15d binaries/ttyinit.o
                0x0000000000106502                ttyinit
 .text          0x000000000010665f        0xf binaries/ttykickout.o
                0x000000000010665f                ttykickout
 .text          0x000000000010666e       0xb2 binaries/ttyputc.o
                0x000000000010666e                ttyputc
 .text          0x0000000000106720       0xff binaries/ttyread.o
                0x0000000000106720                ttyread
 .text          0x000000000010681f       0x4d binaries/ttywrite.o
                0x000000000010681f                ttywrite
 .text          0x000000000010686c      0x129 binaries/mount.o
                0x000000000010686c                namlen
                0x00000000001068a8                mount
 .text          0x0000000000106995      0x1c4 binaries/naminit.o
                0x0000000000106995                naminit
 .text          0x0000000000106b59      0x1fe binaries/nammap.o
                0x0000000000106b59                namrepl
                0x0000000000106c7c                namcpy
                0x0000000000106cca                nammap
 .text          0x0000000000106d57       0x44 binaries/namopen.o
                0x0000000000106d57                namopen
 .text          0x0000000000106d9b       0xd4 binaries/colon2mac.o
                0x0000000000106d9b                colon2mac
 .text          0x0000000000106e6f       0x7d binaries/ethcontrol.o
                0x0000000000106e6f                ethcontrol
 .text          0x0000000000106eec      0x17e binaries/ethhandler.o
                0x0000000000106eec                ethhandler
 .text          0x000000000010706a      0x548 binaries/ethinit.o
                0x000000000010706a                eth_phy_read
                0x00000000001070aa                eth_phy_write
                0x00000000001070eb                eth_phy_reset
                0x00000000001071c5                ethinit
 .text          0x00000000001075b2      0x107 binaries/ethmcast.o
                0x00000000001075b2                ethmcast_add
                0x00000000001075fe                ethmcast_remove
 .text          0x00000000001076b9      0x172 binaries/ethread.o
                0x00000000001076b9                ethread
 .text          0x000000000010782b       0xc1 binaries/ethwrite.o
                0x000000000010782b                ethwrite
 .text          0x00000000001078ec       0x68 binaries/rdsbufalloc.o
                0x00000000001078ec                rdsbufalloc
 .text          0x0000000000107954       0xd6 binaries/rdsclose.o
                0x0000000000107954                rdsclose
 .text          0x0000000000107a2a      0x1df binaries/rdscomm.o
                0x0000000000107a2a                rdscomm
 .text          0x0000000000107c09      0x1c4 binaries/rdscontrol.o
                0x0000000000107c09                rdscontrol
 .text          0x0000000000107dcd      0x1f7 binaries/rdsinit.o
                0x0000000000107dcd                rdsinit
 .text          0x0000000000107fc4      0x199 binaries/rdsopen.o
                0x0000000000107fc4                rdsopen
 .text          0x000000000010815d      0x2c5 binaries/rdsprocess.o
                0x000000000010815d                rdsprocess
 .text          0x0000000000108422      0x1d8 binaries/rdsread.o
                0x0000000000108422                rdsread
 .text          0x00000000001085fa      0x1ae binaries/rdswrite.o
                0x00000000001085fa                rdswrite
 .text          0x00000000001087a8        0xa binaries/ramclose.o
                0x00000000001087a8                ramclose
 .text          0x00000000001087b2       0x35 binaries/raminit.o
                0x00000000001087b2                raminit
 .text          0x00000000001087e7        0xa binaries/ramopen.o
                0x00000000001087e7                ramopen
 .text          0x00000000001087f1       0x26 binaries/ramread.o
                0x00000000001087f1                ramread
 .text          0x0000000000108817       0x26 binaries/ramwrite.o
                0x0000000000108817                ramwrite
 .text          0x000000000010883d       0x87 binaries/lfdballoc.o
                0x000000000010883d                lfdballoc
 .text          0x00000000001088c4       0x49 binaries/lfdbfree.o
                0x00000000001088c4                lfdbfree
 .text          0x000000000010890d       0xa1 binaries/lfflush.o
                0x000000000010890d                lfflush
 .text          0x00000000001089ae       0x82 binaries/lfgetmode.o
                0x00000000001089ae                lfgetmode
 .text          0x0000000000108a30       0x60 binaries/lfiballoc.o
                0x0000000000108a30                lfiballoc
 .text          0x0000000000108a90       0x27 binaries/lfibclear.o
                0x0000000000108a90                lfibclear
 .text          0x0000000000108ab7       0x6c binaries/lfibget.o
                0x0000000000108ab7                lfibget
 .text          0x0000000000108b23       0x88 binaries/lfibput.o
                0x0000000000108b23                lfibput
 .text          0x0000000000108bab       0xa4 binaries/lflclose.o
                0x0000000000108bab                lflclose
 .text          0x0000000000108c4f       0xc2 binaries/lflcontrol.o
                0x0000000000108c4f                lflcontrol
 .text          0x0000000000108d11       0xfd binaries/lflgetc.o
                0x0000000000108d11                lflgetc
 .text          0x0000000000108e0e       0xe7 binaries/lflinit.o
                0x0000000000108e0e                lflinit
 .text          0x0000000000108ef5      0x12f binaries/lflputc.o
                0x0000000000108ef5                lflputc
 .text          0x0000000000109024       0x6b binaries/lflread.o
                0x0000000000109024                lflread
 .text          0x000000000010908f       0xbd binaries/lflseek.o
                0x000000000010908f                lflseek
 .text          0x000000000010914c       0x52 binaries/lflwrite.o
                0x000000000010914c                lflwrite
 .text          0x000000000010919e      0x114 binaries/lfsckfmt.o
                0x000000000010919e                lfsckfmt
 .text          0x00000000001092b2      0x1e6 binaries/lfscreate.o
                0x00000000001092b2                lfscreate
 .text          0x0000000000109498      0x1b1 binaries/lfsetup.o
                0x0000000000109498                lfsetup
 .text          0x0000000000109649       0x45 binaries/lfsinit.o
                0x0000000000109649                lfsinit
 .text          0x000000000010968e      0x302 binaries/lfsopen.o
                0x000000000010968e                lfsopen
 .text          0x0000000000109990      0x112 binaries/lftruncate.o
                0x0000000000109990                lftruncate
 .text          0x0000000000109aa2       0x69 binaries/rflclose.o
                0x0000000000109aa2                rflclose
 .text          0x0000000000109b0b       0x29 binaries/rflgetc.o
                0x0000000000109b0b                rflgetc
 .text          0x0000000000109b34       0x6c binaries/rflinit.o
                0x0000000000109b34                rflinit
 .text          0x0000000000109ba0       0x29 binaries/rflputc.o
                0x0000000000109ba0                rflputc
 .text          0x0000000000109bc9      0x2b6 binaries/rflread.o
                0x0000000000109bc9                rflread
 .text          0x0000000000109e7f       0x68 binaries/rflseek.o
                0x0000000000109e7f                rflseek
 .text          0x0000000000109ee7      0x2fa binaries/rflwrite.o
                0x0000000000109ee7                rflwrite
 .text          0x000000000010a1e1      0x17d binaries/rfscomm.o
                0x000000000010a1e1                rfscomm
 .text          0x000000000010a35e      0x22b binaries/rfscontrol.o
                0x000000000010a35e                rfscontrol
 .text          0x000000000010a589       0x82 binaries/rfsgetmode.o
                0x000000000010a589                rfsgetmode
 .text          0x000000000010a60b       0x7e binaries/rfsinit.o
                0x000000000010a60b                rfsinit
 .text          0x000000000010a689       0xad binaries/rfsndmsg.o
                0x000000000010a689                rfsndmsg
 .text          0x000000000010a736      0x243 binaries/rfsopen.o
                0x000000000010a736                rfsopen
 .text          0x000000000010a979      0x626 binaries/arp.o
                0x000000000010a979                arp_init
                0x000000000010a995                arp_alloc
                0x000000000010aa3c                arp_ntoh
                0x000000000010aaa9                arp_hton
                0x000000000010ab16                arp_resolve
                0x000000000010ad67                arp_in
 .text          0x000000000010af9f      0x5ed binaries/dhcp.o
                0x000000000010af9f                dhcp_get_opt_val
                0x000000000010aff3                dhcp_bld_bootp_msg
                0x000000000010b0c5                dhcp_bld_disc
                0x000000000010b117                dhcp_bld_req
                0x000000000010b1b2                getlocalip
 .text          0x000000000010b58c       0xda binaries/dot2ip.o
                0x000000000010b58c                dot2ip
 .text          0x000000000010b666      0x38c binaries/hexdump.o
                0x000000000010b666                hexdump
                0x000000000010b7c0                hexadump
 .text          0x000000000010b9f2      0x6f6 binaries/icmp.o
                0x000000000010b9f2                icmp_init
                0x000000000010ba0e                icmp_register
                0x000000000010bacc                icmp_recv
                0x000000000010bc6f                icmp_mkpkt
                0x000000000010bd3c                icmp_in
                0x000000000010bed6                icmp_send
                0x000000000010bf45                icmp_release
                0x000000000010c060                icmp_cksum
                0x000000000010c0ba                icmp_hton
                0x000000000010c0d1                icmp_ntoh
 .text          0x000000000010c0e8      0x5e2 binaries/ip.o
                0x000000000010c0e8                ip_local
                0x000000000010c128                ipcksum
                0x000000000010c17e                ip_ntoh
                0x000000000010c1eb                ip_in
                0x000000000010c310                ip_hton
                0x000000000010c37d                ip_out
                0x000000000010c433                ip_send
                0x000000000010c53e                ipout
                0x000000000010c631                ip_enqueue
 .text          0x000000000010c6ca      0x1b2 binaries/net.o
                0x000000000010c6ca                net_init
                0x000000000010c7c1                eth_hton
                0x000000000010c7ce                eth_ntoh
                0x000000000010c7db                netin
 .text          0x000000000010c87c       0xb9 binaries/netstart.o
                0x000000000010c87c                netstart
 .text          0x000000000010c935      0xa30 binaries/pdump.o
                0x000000000010c935                pdump
                0x000000000010cf1a                pdumph
 .text          0x000000000010d365      0x5b8 binaries/tftp.o
                0x000000000010d365                tftp_send1
                0x000000000010d479                tftpget_mb
                0x000000000010d8fa                tftpget
 .text          0x000000000010d91d      0xa17 binaries/udp.o
                0x000000000010d91d                udp_init
                0x000000000010d95e                udp_in
                0x000000000010da87                udp_register
                0x000000000010db98                udp_recv
                0x000000000010dd31                udp_recvaddr
                0x000000000010dede                udp_send
                0x000000000010e08c                udp_sendto
                0x000000000010e1f5                udp_release
                0x000000000010e306                udp_ntoh
                0x000000000010e31d                udp_hton
 .text          0x000000000010e334      0x11f binaries/addargs.o
                0x000000000010e334                addargs
 .text          0x000000000010e453      0x1db binaries/lexan.o
                0x000000000010e453                lexan
 .text          0x000000000010e62e      0x64d binaries/shell.o
                0x000000000010e62e                shell
 .text          0x000000000010ec7b       0x59 binaries/xsh_argecho.o
                0x000000000010ec7b                xsh_argecho
 .text          0x000000000010ecd4      0x1fb binaries/xsh_arp.o
                0x000000000010ecd4                xsh_arp
 .text          0x000000000010eecf      0x214 binaries/xsh_cat.o
                0x000000000010eecf                xsh_cat
 .text          0x000000000010f0e3       0x58 binaries/xsh_clear.o
                0x000000000010f0e3                xsh_clear
 .text          0x000000000010f13b      0x2a8 binaries/xsh_date.o
                0x000000000010f13b                xsh_date
 .text          0x000000000010f3e3       0x89 binaries/xsh_devdump.o
                0x000000000010f3e3                xsh_devdump
 .text          0x000000000010f46c       0x63 binaries/xsh_echo.o
                0x000000000010f46c                xsh_echo
 .text          0x000000000010f4cf        0xa binaries/xsh_exit.o
                0x000000000010f4cf                xsh_exit
 .text          0x000000000010f4d9      0x335 binaries/xsh_help.o
                0x000000000010f4d9                xsh_help
 .text          0x000000000010f80e      0x38b binaries/xsh_ipaddr.o
                0x000000000010f80e                xsh_ipaddr
 .text          0x000000000010fb99      0x1de binaries/xsh_kill.o
                0x000000000010fb99                xsh_kill
 .text          0x000000000010fd77      0x3f3 binaries/xsh_memdump.o
                0x000000000010fe3d                xsh_memdump
 .text          0x000000000011016a      0x1de binaries/xsh_memstat.o
                0x000000000011016a                xsh_memstat
 .text          0x0000000000110348      0x2c7 binaries/xsh_ping.o
                0x0000000000110348                xsh_ping
 .text          0x000000000011060f      0x1ae binaries/xsh_ps.o
                0x000000000011060f                xsh_ps
 .text          0x00000000001107bd      0x1d3 binaries/xsh_sleep.o
                0x00000000001107bd                xsh_sleep
 .text          0x0000000000110990      0x1d5 binaries/xsh_udpdump.o
                0x0000000000110990                xsh_udpdump
 .text          0x0000000000110b65      0x40a binaries/xsh_udpecho.o
                0x0000000000110b65                xsh_udpecho
 .text          0x0000000000110f6f      0x232 binaries/xsh_udpeserver.o
                0x0000000000110f6f                xsh_udpeserver
 .text          0x00000000001111a1      0x1c2 binaries/xsh_uptime.o
                0x00000000001111a1                xsh_uptime
 .text          0x0000000000111363        0xe binaries/clkdisp.o
                0x0000000000111363                clkdisp
 .text          0x0000000000111371       0x19 binaries/ctxsw.o
                0x0000000000111371                ctxsw
 .text          0x000000000011138a      0x36b binaries/intr.o
                0x000000000011138a                disable
                0x0000000000111393                restore
                0x00000000001113a1                enable
                0x00000000001113a3                pause
                0x00000000001113aa                halt
                0x00000000001113b0                spurious_irq7
                0x00000000001113b5                spurious_irq15
                0x00000000001113c4                _Xint0
                0x00000000001113cf                _Xint1
                0x00000000001113da                _Xint2
                0x00000000001113e5                _Xint3
                0x00000000001113f0                _Xint4
                0x00000000001113fb                _Xint5
                0x0000000000111406                _Xint6
                0x0000000000111411                _Xint7
                0x000000000011141c                _Xint8
                0x0000000000111427                _Xint9
                0x0000000000111432                _Xint10
                0x000000000011143d                _Xint11
                0x000000000011144b                _Xint12
                0x0000000000111459                _Xint13
                0x0000000000111467                _Xint14
                0x0000000000111475                _Xint15
                0x0000000000111483                _Xint16
                0x0000000000111491                _Xint17
                0x000000000011149f                _Xint18
                0x00000000001114ad                _Xint19
                0x00000000001114bb                _Xint20
                0x00000000001114c9                _Xint21
                0x00000000001114d7                _Xint22
                0x00000000001114e5                _Xint23
                0x00000000001114f3                _Xint24
                0x0000000000111501                _Xint25
                0x000000000011150f                _Xint26
                0x000000000011151d                _Xint27
                0x000000000011152b                _Xint28
                0x0000000000111539                _Xint29
                0x0000000000111547                _Xint30
                0x0000000000111555                _Xint31
                0x0000000000111563                _Xint32
                0x0000000000111571                _Xint33
                0x000000000011157f                _Xint34
                0x000000000011158d                _Xint35
                0x000000000011159b                _Xint36
                0x00000000001115a9                _Xint37
                0x00000000001115b7                _Xint38
                0x00000000001115c5                _Xint39
                0x00000000001115d3                _Xint40
                0x00000000001115e1                _Xint41
                0x00000000001115ef                _Xint42
                0x00000000001115fd                _Xint43
                0x000000000011160b                _Xint44
                0x0000000000111619                _Xint45
                0x0000000000111627                _Xint46
                0x0000000000111635                defevec
 .text          0x00000000001116f5        0x3 binaries/host2netla.o
 .text          0x00000000001116f8        0xf binaries/ttydispatch.o
                0x00000000001116f8                ttydispatch
 .text          0x0000000000111707       0x13 binaries/ethdispatch.o
                0x0000000000111707                ethdispatch
 *(.rodata .rodata.*)
 .rodata.str1.1
                0x000000000011171a       0x54 binaries/ascdate.o
 *fill*         0x000000000011176e        0x2 
 .rodata.str1.4
                0x0000000000111770       0x22 binaries/ascdate.o
 .rodata.str1.1
                0x0000000000111792       0x5f binaries/conf.o
 *fill*         0x00000000001117f1        0x3 
 .rodata.str1.4
                0x00000000001117f4       0x4f binaries/early_imr.o
 *fill*         0x0000000000111843        0x1 
 .rodata        0x0000000000111844       0x33 binaries/early_imr.o
 .rodata.str1.1
                0x0000000000111877      0x20c binaries/evec.o
 *fill*         0x0000000000111a83        0x1 
 .rodata.str1.4
                0x0000000000111a84       0x23 binaries/evec.o
 .rodata.str1.1
                0x0000000000111aa7        0xb binaries/getutime.o
 *fill*         0x0000000000111ab2        0x2 
 .rodata.str1.4
                0x0000000000111ab4       0x54 binaries/getutime.o
 .rodata.str1.1
                0x0000000000111b08       0x63 binaries/initialize.o
                                         0x67 (size before relaxing)
 *fill*         0x0000000000111b6b        0x1 
 .rodata.str1.4
                0x0000000000111b6c       0xd0 binaries/initialize.o
 .rodata        0x0000000000111c3c       0x20 binaries/kill.o
 .rodata.str1.1
                0x0000000000111c5c       0x57 binaries/main.o
 *fill*         0x0000000000111cb3        0x1 
 .rodata.str1.4
                0x0000000000111cb4       0xa6 binaries/main.o
 *fill*         0x0000000000111d5a        0x2 
 .rodata.str1.4
                0x0000000000111d5c       0x23 binaries/meminit.o
 .rodata.str1.1
                0x0000000000111d7f       0x1b binaries/meminit.o
 .rodata.str1.1
                0x0000000000111d9a        0xf binaries/panic.o
 .rodata.str1.1
                0x0000000000111da9       0x1c binaries/ptinit.o
 *fill*         0x0000000000111dc5        0x3 
 .rodata.str1.4
                0x0000000000111dc8       0x25 binaries/ptsend.o
 .rodata.str1.1
                0x0000000000111ded       0x22 binaries/quark_pdat.o
 *fill*         0x0000000000111e0f        0x1 
 .rodata.str1.4
                0x0000000000111e10       0x63 binaries/stacktrace.o
 .rodata.str1.1
                0x0000000000111e73       0x52 binaries/stacktrace.o
 *fill*         0x0000000000111ec5        0x3 
 .rodata.str1.4
                0x0000000000111ec8       0x27 binaries/xdone.o
 .rodata.str1.1
                0x0000000000111eef       0x1d binaries/app1.o
 .rodata.str1.1
                0x0000000000111f0c       0x50 binaries/app2.o
 .rodata.str1.1
                0x0000000000111f5c       0x2f binaries/app3.o
 *fill*         0x0000000000111f8b        0x1 
 .rodata.str1.4
                0x0000000000111f8c       0x2b binaries/app3.o
 *fill*         0x0000000000111fb7        0x1 
 .rodata.str1.4
                0x0000000000111fb8       0x65 binaries/mywelcomemsg.o
 *fill*         0x000000000011201d        0x3 
 .rodata.str1.4
                0x0000000000112020       0x63 binaries/prntsegaddr.o
 .rodata.str1.1
                0x0000000000112083       0x58 binaries/prntsegaddr.o
                                         0x5a (size before relaxing)
 *fill*         0x00000000001120db        0x1 
 .rodata.str1.4
                0x00000000001120dc       0x9a binaries/stackdepth.o
 *fill*         0x0000000000112176        0x2 
 .rodata.str1.4
                0x0000000000112178       0x34 binaries/stacktop.o
 .rodata.str1.1
                0x00000000001121ac       0x1b binaries/myappA.o
 *fill*         0x00000000001121c7        0x1 
 .rodata.str1.4
                0x00000000001121c8       0x8f binaries/myappA.o
 .rodata.str1.1
                0x0000000000112257       0x14 binaries/myhacker.o
 *fill*         0x000000000011226b        0x1 
 .rodata.str1.4
                0x000000000011226c       0x2d binaries/myvictim.o
 .rodata.str1.1
                0x0000000000112299       0x13 binaries/myvictim.o
 *fill*         0x00000000001122ac       0x14 
 .rodata        0x00000000001122c0       0x81 binaries/ctype_.o
                0x00000000001122c0                _ctype_
 .rodata.str1.1
                0x0000000000112341       0x29 binaries/doprnt.o
 *fill*         0x000000000011236a        0x2 
 .rodata        0x000000000011236c       0xc4 binaries/doprnt.o
 .rodata        0x0000000000112430       0x98 binaries/doscan.o
 .rodata.str1.1
                0x00000000001124c8       0x29 binaries/fdoprnt.o
 .rodata        0x00000000001124c8       0x84 binaries/fdoprnt.o
 .rodata        0x000000000011254c       0x20 binaries/ttycontrol.o
 .rodata.str1.4
                0x000000000011256c       0x4c binaries/naminit.o
 .rodata.str1.1
                0x00000000001125b8       0x32 binaries/naminit.o
                                         0x35 (size before relaxing)
 .rodata.str1.1
                0x00000000001125ea       0x15 binaries/ethinit.o
 *fill*         0x00000000001125ff        0x1 
 .rodata.str1.4
                0x0000000000112600       0x2e binaries/ethinit.o
 *fill*         0x000000000011262e        0x2 
 .rodata.str1.4
                0x0000000000112630       0x2c binaries/rdsbufalloc.o
 .rodata.str1.4
                0x000000000011265c       0x76 binaries/rdscomm.o
 *fill*         0x00000000001126d2        0x2 
 .rodata.str1.4
                0x00000000001126d4       0x48 binaries/rdscontrol.o
 .rodata.str1.4
                0x000000000011271c       0x7e binaries/rdsinit.o
 .rodata.str1.1
                0x000000000011279a       0x18 binaries/rdsinit.o
 *fill*         0x00000000001127b2        0x2 
 .rodata.str1.4
                0x00000000001127b4       0x22 binaries/rdsopen.o
 *fill*         0x00000000001127d6        0x2 
 .rodata.str1.4
                0x00000000001127d8       0x4d binaries/rdsprocess.o
 .rodata.str1.1
                0x0000000000112825        0x9 binaries/raminit.o
 .rodata.str1.1
                0x000000000011282e       0x13 binaries/lfdballoc.o
 *fill*         0x0000000000112841        0x3 
 .rodata.str1.4
                0x0000000000112844       0x23 binaries/lfdballoc.o
 .rodata.str1.1
                0x0000000000112867       0x14 binaries/lfiballoc.o
 *fill*         0x000000000011287b        0x1 
 .rodata.str1.4
                0x000000000011287c       0x23 binaries/lflcontrol.o
 .rodata.str1.1
                0x000000000011289f       0x64 binaries/lfsckfmt.o
 *fill*         0x0000000000112903        0x1 
 .rodata.str1.4
                0x0000000000112904       0x51 binaries/lfsckfmt.o
 *fill*         0x0000000000112955        0x3 
 .rodata.str1.4
                0x0000000000112958       0x21 binaries/rflread.o
 .rodata.str1.4
                0x0000000000112979       0x21 binaries/rflwrite.o
 *fill*         0x0000000000112979        0x3 
 .rodata.str1.4
                0x000000000011297c       0x75 binaries/rfscomm.o
 *fill*         0x00000000001129f1        0x3 
 .rodata.str1.4
                0x00000000001129f4       0x23 binaries/rfscontrol.o
 *fill*         0x0000000000112a17        0x1 
 .rodata        0x0000000000112a18       0x18 binaries/rfscontrol.o
 .rodata.str1.1
                0x0000000000112a30       0x10 binaries/rfsinit.o
 .rodata.str1.4
                0x0000000000112a30       0x57 binaries/rfsinit.o
 *fill*         0x0000000000112a87        0x1 
 .rodata.str1.4
                0x0000000000112a88       0x2a binaries/rfsndmsg.o
 .rodata.str1.4
                0x0000000000112ab2       0x22 binaries/rfsopen.o
 .rodata.str1.1
                0x0000000000112ab2       0x19 binaries/arp.o
 *fill*         0x0000000000112acb        0x1 
 .rodata.str1.4
                0x0000000000112acc       0x21 binaries/arp.o
 *fill*         0x0000000000112aed        0x3 
 .rodata.str1.4
                0x0000000000112af0       0xa6 binaries/dhcp.o
 .rodata.str1.1
                0x0000000000112b96       0x4a binaries/dhcp.o
 .rodata.str1.1
                0x0000000000112be0       0x5a binaries/hexdump.o
                                         0x61 (size before relaxing)
 *fill*         0x0000000000112c3a        0x2 
 .rodata.str1.4
                0x0000000000112c3c       0x67 binaries/hexdump.o
 *fill*         0x0000000000112ca3        0x1 
 .rodata.str1.4
                0x0000000000112ca4       0x29 binaries/icmp.o
 .rodata.str1.1
                0x0000000000112ccd       0x4e binaries/ip.o
 *fill*         0x0000000000112d1b        0x1 
 .rodata.str1.4
                0x0000000000112d1c       0x20 binaries/ip.o
 .rodata.str1.4
                0x0000000000112d3c       0x28 binaries/net.o
 .rodata.str1.1
                0x0000000000112d64       0x27 binaries/net.o
 *fill*         0x0000000000112d8b        0x1 
 .rodata.str1.4
                0x0000000000112d8c       0xcf binaries/netstart.o
 .rodata.str1.1
                0x0000000000112e5b      0x141 binaries/pdump.o
                                        0x14b (size before relaxing)
 .rodata.str1.4
                0x0000000000112f9c      0x126 binaries/pdump.o
 *fill*         0x00000000001130c2        0x2 
 .rodata.str1.4
                0x00000000001130c4      0x148 binaries/tftp.o
 .rodata.str1.1
                0x000000000011320c        0x6 binaries/tftp.o
                                          0xa (size before relaxing)
 .rodata.str1.1
                0x0000000000113212       0xe3 binaries/shell.o
                                         0xff (size before relaxing)
 *fill*         0x00000000001132f5        0x3 
 .rodata.str1.4
                0x00000000001132f8      0x1c4 binaries/shell.o
 *fill*         0x00000000001134bc        0x4 
 .rodata        0x00000000001134c0       0xfc binaries/shell.o
                0x00000000001134c0                cmdtab
 .rodata.str1.1
                0x00000000001135bc       0x26 binaries/xsh_argecho.o
                                         0x28 (size before relaxing)
 .rodata.str1.1
                0x00000000001135e2       0x70 binaries/xsh_arp.o
                                         0x72 (size before relaxing)
 *fill*         0x0000000000113652        0x2 
 .rodata.str1.4
                0x0000000000113654       0xb4 binaries/xsh_arp.o
 .rodata.str1.1
                0x0000000000113708       0x2d binaries/xsh_cat.o
                                         0x4f (size before relaxing)
 *fill*         0x0000000000113735        0x3 
 .rodata.str1.4
                0x0000000000113738       0x52 binaries/xsh_cat.o
                                         0x79 (size before relaxing)
 .rodata.str1.1
                0x000000000011378a       0x15 binaries/xsh_clear.o
 .rodata.str1.1
                0x000000000011379f       0x46 binaries/xsh_date.o
                                         0x5f (size before relaxing)
 *fill*         0x00000000001137e5        0x3 
 .rodata.str1.4
                0x00000000001137e8      0x163 binaries/xsh_date.o
 .rodata.str1.1
                0x000000000011394b       0x5d binaries/xsh_devdump.o
 .rodata.str1.1
                0x00000000001139a8        0x4 binaries/xsh_echo.o
                                          0x9 (size before relaxing)
 .rodata.str1.1
                0x00000000001139ac       0x65 binaries/xsh_help.o
                                         0xa3 (size before relaxing)
 *fill*         0x0000000000113a11        0x3 
 .rodata.str1.4
                0x0000000000113a14       0x7c binaries/xsh_help.o
                                         0xc6 (size before relaxing)
 .rodata.str1.1
                0x0000000000113a90       0x9c binaries/xsh_ipaddr.o
                                         0xf8 (size before relaxing)
 .rodata.str1.4
                0x0000000000113b2c       0x4d binaries/xsh_ipaddr.o
                                         0x99 (size before relaxing)
 .rodata.str1.1
                0x0000000000113b79       0x78 binaries/xsh_kill.o
                                         0x97 (size before relaxing)
 *fill*         0x0000000000113bf1        0x3 
 .rodata.str1.4
                0x0000000000113bf4       0x4a binaries/xsh_kill.o
                                         0x96 (size before relaxing)
 .rodata.str1.1
                0x0000000000113c3e       0x84 binaries/xsh_memdump.o
                                         0xa8 (size before relaxing)
 *fill*         0x0000000000113cc2        0x2 
 .rodata.str1.4
                0x0000000000113cc4      0x15a binaries/xsh_memdump.o
                                        0x1aa (size before relaxing)
 .rodata.str1.1
                0x0000000000113e1e       0x40 binaries/xsh_memstat.o
                                         0x79 (size before relaxing)
 *fill*         0x0000000000113e5e        0x2 
 .rodata.str1.4
                0x0000000000113e60      0x187 binaries/xsh_memstat.o
                                        0x1af (size before relaxing)
 .rodata.str1.1
                0x0000000000113fe7       0x90 binaries/xsh_ping.o
                                         0xaf (size before relaxing)
 *fill*         0x0000000000114077        0x1 
 .rodata.str1.4
                0x0000000000114078       0x77 binaries/xsh_ping.o
                                         0xc6 (size before relaxing)
 .rodata.str1.1
                0x00000000001140ef       0x74 binaries/xsh_ps.o
                                         0xd5 (size before relaxing)
 *fill*         0x0000000000114163        0x1 
 .rodata.str1.4
                0x0000000000114164       0x80 binaries/xsh_ps.o
                                         0xd0 (size before relaxing)
 *fill*         0x00000000001141e4       0x1c 
 .rodata        0x0000000000114200       0x20 binaries/xsh_ps.o
 .rodata.str1.1
                0x0000000000114220       0x31 binaries/xsh_sleep.o
                                         0x72 (size before relaxing)
 *fill*         0x0000000000114251        0x3 
 .rodata.str1.4
                0x0000000000114254       0x2a binaries/xsh_sleep.o
                                         0x7a (size before relaxing)
 .rodata.str1.1
                0x000000000011427e       0x6b binaries/xsh_udpdump.o
                                         0xd2 (size before relaxing)
 *fill*         0x00000000001142e9        0x3 
 .rodata.str1.4
                0x00000000001142ec       0x94 binaries/xsh_udpdump.o
                                         0xe4 (size before relaxing)
 .rodata.str1.1
                0x0000000000114380       0xdb binaries/xsh_udpecho.o
                                         0xfa (size before relaxing)
 *fill*         0x000000000011445b        0x1 
 .rodata.str1.4
                0x000000000011445c       0xc7 binaries/xsh_udpecho.o
                                        0x116 (size before relaxing)
 .rodata.str1.1
                0x0000000000114523       0x66 binaries/xsh_udpeserver.o
                                         0x8f (size before relaxing)
 *fill*         0x0000000000114589        0x3 
 .rodata.str1.4
                0x000000000011458c       0x29 binaries/xsh_udpeserver.o
                                         0x9f (size before relaxing)
 .rodata.str1.1
                0x00000000001145b5       0x49 binaries/xsh_uptime.o
                                         0x8c (size before relaxing)
 *fill*         0x00000000001145fe        0x2 
 .rodata.str1.4
                0x0000000000114600       0x28 binaries/xsh_uptime.o
                                         0x76 (size before relaxing)
                0x0000000000114628                etext = ABSOLUTE (.)
                0x0000000000115000                . = ALIGN (0x1000)
 *fill*         0x0000000000114628      0x9d8 

.eh_frame       0x0000000000115000     0x3228
 .eh_frame      0x0000000000115000       0x48 binaries/ascdate.o
 .eh_frame      0x0000000000115048       0x20 binaries/bufinit.o
                                         0x38 (size before relaxing)
 .eh_frame      0x0000000000115068       0x2c binaries/chprio.o
                                         0x44 (size before relaxing)
 .eh_frame      0x0000000000115094       0x20 binaries/clkhandler.o
                                         0x38 (size before relaxing)
 .eh_frame      0x00000000001150b4       0x20 binaries/clkinit.o
                                         0x38 (size before relaxing)
 .eh_frame      0x00000000001150d4       0x28 binaries/close.o
                                         0x40 (size before relaxing)
 .eh_frame      0x00000000001150fc       0x28 binaries/control.o
                                         0x40 (size before relaxing)
 .eh_frame      0x0000000000115124       0x30 binaries/create.o
                                         0x48 (size before relaxing)
 .eh_frame      0x0000000000115154       0x94 binaries/early_imr.o
                                         0xac (size before relaxing)
 .eh_frame      0x00000000001151e8       0x94 binaries/evec.o
                                         0xac (size before relaxing)
 .eh_frame      0x000000000011527c       0x2c binaries/freebuf.o
                                         0x44 (size before relaxing)
 .eh_frame      0x00000000001152a8       0x2c binaries/freemem.o
                                         0x44 (size before relaxing)
 .eh_frame      0x00000000001152d4       0x2c binaries/getbuf.o
                                         0x44 (size before relaxing)
 .eh_frame      0x0000000000115300       0x28 binaries/getc.o
                                         0x40 (size before relaxing)
 .eh_frame      0x0000000000115328       0x2c binaries/getdev.o
                                         0x44 (size before relaxing)
 .eh_frame      0x0000000000115354       0x64 binaries/getitem.o
                                         0x7c (size before relaxing)
 .eh_frame      0x00000000001153b8       0x28 binaries/getmem.o
                                         0x40 (size before relaxing)
 .eh_frame      0x00000000001153e0       0x20 binaries/getpid.o
                                         0x38 (size before relaxing)
 .eh_frame      0x0000000000115400       0x24 binaries/getprio.o
                                         0x3c (size before relaxing)
 .eh_frame      0x0000000000115424       0x2c binaries/getstk.o
                                         0x44 (size before relaxing)
 .eh_frame      0x0000000000115450       0x20 binaries/gettime.o
                                         0x38 (size before relaxing)
 .eh_frame      0x0000000000115470       0x24 binaries/getutime.o
                                         0x3c (size before relaxing)
 .eh_frame      0x0000000000115494       0x28 binaries/init.o
                                         0x40 (size before relaxing)
 .eh_frame      0x00000000001154bc       0x5c binaries/initialize.o
                                         0x74 (size before relaxing)
 .eh_frame      0x0000000000115518       0x28 binaries/insert.o
                                         0x40 (size before relaxing)
 .eh_frame      0x0000000000115540       0x2c binaries/insertd.o
                                         0x44 (size before relaxing)
 .eh_frame      0x000000000011556c       0x20 binaries/ioerr.o
                                         0x38 (size before relaxing)
 .eh_frame      0x000000000011558c       0x20 binaries/ionull.o
                                         0x38 (size before relaxing)
 .eh_frame      0x00000000001155ac       0x30 binaries/kill.o
                                         0x48 (size before relaxing)
 .eh_frame      0x00000000001155dc       0x80 binaries/kprintf.o
                                         0x98 (size before relaxing)
 .eh_frame      0x000000000011565c       0x2c binaries/main.o
                                         0x44 (size before relaxing)
 .eh_frame      0x0000000000115688       0x44 binaries/mark.o
                                         0x5c (size before relaxing)
 .eh_frame      0x00000000001156cc       0x50 binaries/meminit.o
                                         0x68 (size before relaxing)
 .eh_frame      0x000000000011571c       0x30 binaries/mkbufpool.o
                                         0x48 (size before relaxing)
 .eh_frame      0x000000000011574c       0x20 binaries/newqueue.o
                                         0x38 (size before relaxing)
 .eh_frame      0x000000000011576c       0x28 binaries/open.o
                                         0x40 (size before relaxing)
 .eh_frame      0x0000000000115794       0x1c binaries/panic.o
                                         0x34 (size before relaxing)
 .eh_frame      0x00000000001157b0      0x12c binaries/pci.o
                                        0x144 (size before relaxing)
 .eh_frame      0x00000000001158dc       0x20 binaries/platinit.o
                                         0x38 (size before relaxing)
 .eh_frame      0x00000000001158fc       0x2c binaries/ptclear.o
                                         0x44 (size before relaxing)
 .eh_frame      0x0000000000115928       0x2c binaries/ptcount.o
                                         0x44 (size before relaxing)
 .eh_frame      0x0000000000115954       0x2c binaries/ptcreate.o
                                         0x44 (size before relaxing)
 .eh_frame      0x0000000000115980       0x28 binaries/ptdelete.o
                                         0x40 (size before relaxing)
 .eh_frame      0x00000000001159a8       0x28 binaries/ptinit.o
                                         0x40 (size before relaxing)
 .eh_frame      0x00000000001159d0       0x2c binaries/ptrecv.o
                                         0x44 (size before relaxing)
 .eh_frame      0x00000000001159fc       0x28 binaries/ptreset.o
                                         0x40 (size before relaxing)
 .eh_frame      0x0000000000115a24       0x30 binaries/ptsend.o
                                         0x48 (size before relaxing)
 .eh_frame      0x0000000000115a54       0x2c binaries/putc.o
                                         0x44 (size before relaxing)
 .eh_frame      0x0000000000115a80       0x24 binaries/quark_irq.o
                                         0x3c (size before relaxing)
 .eh_frame      0x0000000000115aa4       0x54 binaries/quark_pdat.o
                                         0x6c (size before relaxing)
 .eh_frame      0x0000000000115af8       0x44 binaries/queue.o
                                         0x5c (size before relaxing)
 .eh_frame      0x0000000000115b3c       0x28 binaries/read.o
                                         0x40 (size before relaxing)
 .eh_frame      0x0000000000115b64       0x20 binaries/ready.o
                                         0x38 (size before relaxing)
 .eh_frame      0x0000000000115b84       0x2c binaries/receive.o
                                         0x44 (size before relaxing)
 .eh_frame      0x0000000000115bb0       0x24 binaries/recvclr.o
                                         0x3c (size before relaxing)
 .eh_frame      0x0000000000115bd4       0x2c binaries/recvtime.o
                                         0x44 (size before relaxing)
 .eh_frame      0x0000000000115c00       0x48 binaries/resched.o
                                         0x60 (size before relaxing)
 .eh_frame      0x0000000000115c48       0x2c binaries/resume.o
                                         0x44 (size before relaxing)
 .eh_frame      0x0000000000115c74       0x28 binaries/seek.o
                                         0x40 (size before relaxing)
 .eh_frame      0x0000000000115c9c       0x24 binaries/semcount.o
                                         0x3c (size before relaxing)
 .eh_frame      0x0000000000115cc0       0x2c binaries/semcreate.o
                                         0x44 (size before relaxing)
 .eh_frame      0x0000000000115cec       0x2c binaries/semdelete.o
                                         0x44 (size before relaxing)
 .eh_frame      0x0000000000115d18       0x2c binaries/semreset.o
                                         0x44 (size before relaxing)
 .eh_frame      0x0000000000115d44       0x28 binaries/send.o
                                         0x40 (size before relaxing)
 .eh_frame      0x0000000000115d6c       0x28 binaries/signal.o
                                         0x40 (size before relaxing)
 .eh_frame      0x0000000000115d94       0x2c binaries/signaln.o
                                         0x44 (size before relaxing)
 .eh_frame      0x0000000000115dc0       0x48 binaries/sleep.o
                                         0x60 (size before relaxing)
 .eh_frame      0x0000000000115e08       0x30 binaries/stacktrace.o
                                         0x48 (size before relaxing)
 .eh_frame      0x0000000000115e38       0x28 binaries/suspend.o
                                         0x40 (size before relaxing)
 .eh_frame      0x0000000000115e60       0x28 binaries/unsleep.o
                                         0x40 (size before relaxing)
 .eh_frame      0x0000000000115e88       0x20 binaries/userret.o
                                         0x38 (size before relaxing)
 .eh_frame      0x0000000000115ea8       0x28 binaries/wait.o
                                         0x40 (size before relaxing)
 .eh_frame      0x0000000000115ed0       0x20 binaries/wakeup.o
                                         0x38 (size before relaxing)
 .eh_frame      0x0000000000115ef0       0x28 binaries/write.o
                                         0x40 (size before relaxing)
 .eh_frame      0x0000000000115f18       0x20 binaries/xdone.o
                                         0x38 (size before relaxing)
 .eh_frame      0x0000000000115f38       0x24 binaries/yield.o
                                         0x3c (size before relaxing)
 .eh_frame      0x0000000000115f5c       0x20 binaries/app1.o
                                         0x38 (size before relaxing)
 .eh_frame      0x0000000000115f7c       0x24 binaries/app2.o
                                         0x3c (size before relaxing)
 .eh_frame      0x0000000000115fa0       0x28 binaries/app3.o
                                         0x40 (size before relaxing)
 .eh_frame      0x0000000000115fc8       0x24 binaries/getppid.o
                                         0x3c (size before relaxing)
 .eh_frame      0x0000000000115fec       0x24 binaries/getpstate.o
                                         0x3c (size before relaxing)
 .eh_frame      0x0000000000116010       0x20 binaries/mywelcomemsg.o
                                         0x38 (size before relaxing)
 .eh_frame      0x0000000000116030       0x20 binaries/host2netlb.o
                                         0x38 (size before relaxing)
 .eh_frame      0x0000000000116050       0x24 binaries/host2netlc.o
                                         0x3c (size before relaxing)
 .eh_frame      0x0000000000116074       0x68 binaries/prntsegaddr.o
                                         0x80 (size before relaxing)
 .eh_frame      0x00000000001160dc       0x2c binaries/stackdepth.o
                                         0x44 (size before relaxing)
 .eh_frame      0x0000000000116108       0x20 binaries/stacktop.o
                                         0x38 (size before relaxing)
 .eh_frame      0x0000000000116128       0x48 binaries/myappA.o
                                         0x60 (size before relaxing)
 .eh_frame      0x0000000000116170       0x40 binaries/myhacker.o
                                         0x58 (size before relaxing)
 .eh_frame      0x00000000001161b0       0x60 binaries/myvictim.o
                                         0x78 (size before relaxing)
 .eh_frame      0x0000000000116210       0x20 binaries/abs.o
                                         0x38 (size before relaxing)
 .eh_frame      0x0000000000116230       0x28 binaries/atoi.o
                                         0x40 (size before relaxing)
 .eh_frame      0x0000000000116258       0x28 binaries/atol.o
                                         0x40 (size before relaxing)
 .eh_frame      0x0000000000116280       0x20 binaries/bzero.o
                                         0x38 (size before relaxing)
 .eh_frame      0x00000000001162a0       0xac binaries/doprnt.o
                                         0xc4 (size before relaxing)
 .eh_frame      0x000000000011634c       0x30 binaries/doscan.o
                                         0x48 (size before relaxing)
 .eh_frame      0x000000000011637c       0x5c binaries/fdoprnt.o
                                         0x74 (size before relaxing)
 .eh_frame      0x00000000001163d8       0x20 binaries/fgetc.o
                                         0x38 (size before relaxing)
 .eh_frame      0x00000000001163f8       0x2c binaries/fgets.o
                                         0x44 (size before relaxing)
 .eh_frame      0x0000000000116424       0x20 binaries/fprintf.o
                                         0x38 (size before relaxing)
 .eh_frame      0x0000000000116444       0x20 binaries/fputc.o
                                         0x38 (size before relaxing)
 .eh_frame      0x0000000000116464       0x28 binaries/fputs.o
                                         0x40 (size before relaxing)
 .eh_frame      0x000000000011648c       0x64 binaries/fscanf.o
                                         0x7c (size before relaxing)
 .eh_frame      0x00000000001164f0       0x20 binaries/getchar.o
                                         0x38 (size before relaxing)
 .eh_frame      0x0000000000116510       0x20 binaries/labs.o
                                         0x38 (size before relaxing)
 .eh_frame      0x0000000000116530       0x20 binaries/memchr.o
                                         0x38 (size before relaxing)
 .eh_frame      0x0000000000116550       0x28 binaries/memcmp.o
                                         0x40 (size before relaxing)
 .eh_frame      0x0000000000116578       0x28 binaries/memcpy.o
                                         0x40 (size before relaxing)
 .eh_frame      0x00000000001165a0       0x24 binaries/memset.o
                                         0x3c (size before relaxing)
 .eh_frame      0x00000000001165c4       0x20 binaries/printf.o
                                         0x38 (size before relaxing)
 .eh_frame      0x00000000001165e4       0x20 binaries/putchar.o
                                         0x38 (size before relaxing)
 .eh_frame      0x0000000000116604       0xa4 binaries/qsort.o
                                         0xbc (size before relaxing)
 .eh_frame      0x00000000001166a8       0x40 binaries/rand.o
                                         0x58 (size before relaxing)
 .eh_frame      0x00000000001166e8       0x48 binaries/sprintf.o
                                         0x60 (size before relaxing)
 .eh_frame      0x0000000000116730       0x60 binaries/sscanf.o
                                         0x78 (size before relaxing)
 .eh_frame      0x0000000000116790       0x24 binaries/strchr.o
                                         0x3c (size before relaxing)
 .eh_frame      0x00000000001167b4       0x24 binaries/strcmp.o
                                         0x3c (size before relaxing)
 .eh_frame      0x00000000001167d8       0x20 binaries/strcpy.o
                                         0x38 (size before relaxing)
 .eh_frame      0x00000000001167f8       0x20 binaries/strlen.o
                                         0x38 (size before relaxing)
 .eh_frame      0x0000000000116818       0x2c binaries/strncat.o
                                         0x44 (size before relaxing)
 .eh_frame      0x0000000000116844       0x24 binaries/strncmp.o
                                         0x3c (size before relaxing)
 .eh_frame      0x0000000000116868       0x2c binaries/strncpy.o
                                         0x44 (size before relaxing)
 .eh_frame      0x0000000000116894       0x24 binaries/strnlen.o
                                         0x3c (size before relaxing)
 .eh_frame      0x00000000001168b8       0x24 binaries/strrchr.o
                                         0x3c (size before relaxing)
 .eh_frame      0x00000000001168dc       0x2c binaries/strstr.o
                                         0x44 (size before relaxing)
 .eh_frame      0x0000000000116908       0x30 binaries/ttycontrol.o
                                         0x48 (size before relaxing)
 .eh_frame      0x0000000000116938       0x2c binaries/ttygetc.o
                                         0x44 (size before relaxing)
 .eh_frame      0x0000000000116964       0x84 binaries/ttyhandle_in.o
                                         0x9c (size before relaxing)
 .eh_frame      0x00000000001169e8       0x30 binaries/ttyhandle_out.o
                                         0x48 (size before relaxing)
 .eh_frame      0x0000000000116a18       0x28 binaries/ttyhandler.o
                                         0x40 (size before relaxing)
 .eh_frame      0x0000000000116a40       0x30 binaries/ttyinit.o
                                         0x48 (size before relaxing)
 .eh_frame      0x0000000000116a70       0x20 binaries/ttykickout.o
                                         0x38 (size before relaxing)
 .eh_frame      0x0000000000116a90       0x2c binaries/ttyputc.o
                                         0x44 (size before relaxing)
 .eh_frame      0x0000000000116abc       0x2c binaries/ttyread.o
                                         0x44 (size before relaxing)
 .eh_frame      0x0000000000116ae8       0x2c binaries/ttywrite.o
                                         0x44 (size before relaxing)
 .eh_frame      0x0000000000116b14       0x4c binaries/mount.o
                                         0x64 (size before relaxing)
 .eh_frame      0x0000000000116b60       0x30 binaries/naminit.o
                                         0x48 (size before relaxing)
 .eh_frame      0x0000000000116b90       0x84 binaries/nammap.o
                                         0x9c (size before relaxing)
 .eh_frame      0x0000000000116c14       0x20 binaries/namopen.o
                                         0x38 (size before relaxing)
 .eh_frame      0x0000000000116c34       0x2c binaries/colon2mac.o
                                         0x44 (size before relaxing)
 .eh_frame      0x0000000000116c60       0x20 binaries/ethcontrol.o
                                         0x38 (size before relaxing)
 .eh_frame      0x0000000000116c80       0x30 binaries/ethhandler.o
                                         0x48 (size before relaxing)
 .eh_frame      0x0000000000116cb0       0x98 binaries/ethinit.o
                                         0xb0 (size before relaxing)
 .eh_frame      0x0000000000116d48       0x54 binaries/ethmcast.o
                                         0x6c (size before relaxing)
 .eh_frame      0x0000000000116d9c       0x30 binaries/ethread.o
                                         0x48 (size before relaxing)
 .eh_frame      0x0000000000116dcc       0x2c binaries/ethwrite.o
                                         0x44 (size before relaxing)
 .eh_frame      0x0000000000116df8       0x24 binaries/rdsbufalloc.o
                                         0x3c (size before relaxing)
 .eh_frame      0x0000000000116e1c       0x2c binaries/rdsclose.o
                                         0x44 (size before relaxing)
 .eh_frame      0x0000000000116e48       0x30 binaries/rdscomm.o
                                         0x48 (size before relaxing)
 .eh_frame      0x0000000000116e78       0x30 binaries/rdscontrol.o
                                         0x48 (size before relaxing)
 .eh_frame      0x0000000000116ea8       0x30 binaries/rdsinit.o
                                         0x48 (size before relaxing)
 .eh_frame      0x0000000000116ed8       0x30 binaries/rdsopen.o
                                         0x48 (size before relaxing)
 .eh_frame      0x0000000000116f08       0x20 binaries/rdsprocess.o
                                         0x38 (size before relaxing)
 .eh_frame      0x0000000000116f28       0x30 binaries/rdsread.o
                                         0x48 (size before relaxing)
 .eh_frame      0x0000000000116f58       0x30 binaries/rdswrite.o
                                         0x48 (size before relaxing)
 .eh_frame      0x0000000000116f88       0x20 binaries/ramclose.o
                                         0x38 (size before relaxing)
 .eh_frame      0x0000000000116fa8       0x20 binaries/raminit.o
                                         0x38 (size before relaxing)
 .eh_frame      0x0000000000116fc8       0x20 binaries/ramopen.o
                                         0x38 (size before relaxing)
 .eh_frame      0x0000000000116fe8       0x20 binaries/ramread.o
                                         0x38 (size before relaxing)
 .eh_frame      0x0000000000117008       0x20 binaries/ramwrite.o
                                         0x38 (size before relaxing)
 .eh_frame      0x0000000000117028       0x28 binaries/lfdballoc.o
                                         0x40 (size before relaxing)
 .eh_frame      0x0000000000117050       0x24 binaries/lfdbfree.o
                                         0x3c (size before relaxing)
 .eh_frame      0x0000000000117074       0x24 binaries/lfflush.o
                                         0x3c (size before relaxing)
 .eh_frame      0x0000000000117098       0x20 binaries/lfgetmode.o
                                         0x38 (size before relaxing)
 .eh_frame      0x00000000001170b8       0x24 binaries/lfiballoc.o
                                         0x3c (size before relaxing)
 .eh_frame      0x00000000001170dc       0x20 binaries/lfibclear.o
                                         0x38 (size before relaxing)
 .eh_frame      0x00000000001170fc       0x2c binaries/lfibget.o
                                         0x44 (size before relaxing)
 .eh_frame      0x0000000000117128       0x2c binaries/lfibput.o
                                         0x44 (size before relaxing)
 .eh_frame      0x0000000000117154       0x28 binaries/lflclose.o
                                         0x40 (size before relaxing)
 .eh_frame      0x000000000011717c       0x2c binaries/lflcontrol.o
                                         0x44 (size before relaxing)
 .eh_frame      0x00000000001171a8       0x2c binaries/lflgetc.o
                                         0x44 (size before relaxing)
 .eh_frame      0x00000000001171d4       0x2c binaries/lflinit.o
                                         0x44 (size before relaxing)
 .eh_frame      0x0000000000117200       0x30 binaries/lflputc.o
                                         0x48 (size before relaxing)
 .eh_frame      0x0000000000117230       0x2c binaries/lflread.o
                                         0x44 (size before relaxing)
 .eh_frame      0x000000000011725c       0x2c binaries/lflseek.o
                                         0x44 (size before relaxing)
[...]
 .comment       0x000000000000002a       0x2b binaries/xsh_echo.o
 .comment       0x000000000000002a       0x2b binaries/xsh_exit.o
 .comment       0x000000000000002a       0x2b binaries/xsh_help.o
 .comment       0x000000000000002a       0x2b binaries/xsh_ipaddr.o
 .comment       0x000000000000002a       0x2b binaries/xsh_kill.o
 .comment       0x000000000000002a       0x2b binaries/xsh_memdump.o
 .comment       0x000000000000002a       0x2b binaries/xsh_memstat.o
 .comment       0x000000000000002a       0x2b binaries/xsh_ping.o
 .comment       0x000000000000002a       0x2b binaries/xsh_ps.o
 .comment       0x000000000000002a       0x2b binaries/xsh_sleep.o
 .comment       0x000000000000002a       0x2b binaries/xsh_udpdump.o
 .comment       0x000000000000002a       0x2b binaries/xsh_udpecho.o
 .comment       0x000000000000002a       0x2b binaries/xsh_udpeserver.o
 .comment       0x000000000000002a       0x2b binaries/xsh_uptime.o

.note.GNU-stack
                0x0000000000000000        0x0
 .note.GNU-stack
                0x0000000000000000        0x0 binaries/ascdate.o
 .note.GNU-stack
                0x0000000000000000        0x0 binaries/bufinit.o
 .note.GNU-stack
                0x0000000000000000        0x0 binaries/chprio.o
 .note.GNU-stack
                0x0000000000000000        0x0 binaries/clkhandler.o
 .note.GNU-stack
                0x0000000000000000        0x0 binaries/clkinit.o
 .note.GNU-stack
                0x0000000000000000        0x0 binaries/close.o
 .note.GNU-stack
                0x0000000000000000        0x0 binaries/conf.o
 .note.GNU-stack
                0x0000000000000000        0x0 binaries/control.o
 .note.GNU-stack
                0x0000000000000000        0x0 binaries/create.o
 .note.GNU-stack
                0x0000000000000000        0x0 binaries/early_imr.o
 .note.GNU-stack
                0x0000000000000000        0x0 binaries/evec.o
 .note.GNU-stack
                0x0000000000000000        0x0 binaries/freebuf.o
 .note.GNU-stack
                0x0000000000000000        0x0 binaries/freemem.o
 .note.GNU-stack
                0x0000000000000000        0x0 binaries/getbuf.o
 .note.GNU-stack
                0x0000000000000000        0x0 binaries/getc.o
 .note.GNU-stack
                0x0000000000000000        0x0 binaries/getdev.o
 .note.GNU-stack
                0x0000000000000000        0x0 binaries/getitem.o
 .note.GNU-stack
                0x0000000000000000        0x0 binaries/getmem.o
 .note.GNU-stack
                0x0000000000000000        0x0 binaries/getpid.o
 .note.GNU-stack
                0x0000000000000000        0x0 binaries/getprio.o
 .note.GNU-stack
                0x0000000000000000        0x0 binaries/getstk.o
 .note.GNU-stack
                0x0000000000000000        0x0 binaries/gettime.o
 .note.GNU-stack
                0x0000000000000000        0x0 binaries/getutime.o
 .note.GNU-stack
                0x0000000000000000        0x0 binaries/init.o
 .note.GNU-stack
                0x0000000000000000        0x0 binaries/initialize.o
 .note.GNU-stack
                0x0000000000000000        0x0 binaries/insert.o
 .note.GNU-stack
                0x0000000000000000        0x0 binaries/insertd.o
 .note.GNU-stack
                0x0000000000000000        0x0 binaries/ioerr.o
 .note.GNU-stack
                0x0000000000000000        0x0 binaries/ionull.o
 .note.GNU-stack
                0x0000000000000000        0x0 binaries/kill.o
 .note.GNU-stack
                0x0000000000000000        0x0 binaries/kprintf.o
 .note.GNU-stack
                0x0000000000000000        0x0 binaries/main.o
 .note.GNU-stack
                0x0000000000000000        0x0 binaries/mark.o
 .note.GNU-stack
                0x0000000000000000        0x0 binaries/meminit.o
 .note.GNU-stack
                0x0000000000000000        0x0 binaries/mkbufpool.o
 .note.GNU-stack
                0x0000000000000000        0x0 binaries/newqueue.o
 .note.GNU-stack
                0x0000000000000000        0x0 binaries/open.o
 .note.GNU-stack
                0x0000000000000000        0x0 binaries/panic.o
 .note.GNU-stack
                0x0000000000000000        0x0 binaries/pci.o
 .note.GNU-stack
                0x0000000000000000        0x0 binaries/platinit.o
 .note.GNU-stack
                0x0000000000000000        0x0 binaries/ptclear.o
 .note.GNU-stack
                0x0000000000000000        0x0 binaries/ptcount.o
 .note.GNU-stack
                0x0000000000000000        0x0 binaries/ptcreate.o
 .note.GNU-stack
                0x0000000000000000        0x0 binaries/ptdelete.o
 .note.GNU-stack
                0x0000000000000000        0x0 binaries/ptinit.o
 .note.GNU-stack
                0x0000000000000000        0x0 binaries/ptrecv.o
 .note.GNU-stack
                0x0000000000000000        0x0 binaries/ptreset.o
 .note.GNU-stack
                0x0000000000000000        0x0 binaries/ptsend.o
 .note.GNU-stack
                0x0000000000000000        0x0 binaries/putc.o
 .note.GNU-stack
                0x0000000000000000        0x0 binaries/quark_irq.o
 .note.GNU-stack
                0x0000000000000000        0x0 binaries/quark_pdat.o
 .note.GNU-stack
                0x0000000000000000        0x0 binaries/queue.o
 .note.GNU-stack
                0x0000000000000000        0x0 binaries/read.o
 .note.GNU-stack
                0x0000000000000000        0x0 binaries/ready.o
 .note.GNU-stack
                0x0000000000000000        0x0 binaries/receive.o
 .note.GNU-stack
                0x0000000000000000        0x0 binaries/recvclr.o
 .note.GNU-stack
                0x0000000000000000        0x0 binaries/recvtime.o
 .note.GNU-stack
                0x0000000000000000        0x0 binaries/resched.o
 .note.GNU-stack
                0x0000000000000000        0x0 binaries/resume.o
 .note.GNU-stack
                0x0000000000000000        0x0 binaries/seek.o
 .note.GNU-stack
                0x0000000000000000        0x0 binaries/semcount.o
 .note.GNU-stack
                0x0000000000000000        0x0 binaries/semcreate.o
 .note.GNU-stack
                0x0000000000000000        0x0 binaries/semdelete.o
 .note.GNU-stack
                0x0000000000000000        0x0 binaries/semreset.o
 .note.GNU-stack
                0x0000000000000000        0x0 binaries/send.o
 .note.GNU-stack
                0x0000000000000000        0x0 binaries/signal.o
 .note.GNU-stack
                0x0000000000000000        0x0 binaries/signaln.o
 .note.GNU-stack
                0x0000000000000000        0x0 binaries/sleep.o
 .note.GNU-stack
                0x0000000000000000        0x0 binaries/stacktrace.o
 .note.GNU-stack
                0x0000000000000000        0x0 binaries/suspend.o
 .note.GNU-stack
                0x0000000000000000        0x0 binaries/unsleep.o
 .note.GNU-stack
                0x0000000000000000        0x0 binaries/userret.o
 .note.GNU-stack
                0x0000000000000000        0x0 binaries/wait.o
 .note.GNU-stack
                0x0000000000000000        0x0 binaries/wakeup.o
 .note.GNU-stack
                0x0000000000000000        0x0 binaries/write.o
 .note.GNU-stack
                0x0000000000000000        0x0 binaries/xdone.o
 .note.GNU-stack
                0x0000000000000000        0x0 binaries/yield.o
 .note.GNU-stack
                0x0000000000000000        0x0 binaries/app1.o
 .note.GNU-stack
                0x0000000000000000        0x0 binaries/app2.o
 .note.GNU-stack
                0x0000000000000000        0x0 binaries/app3.o
 .note.GNU-stack
                0x0000000000000000        0x0 binaries/getppid.o
 .note.GNU-stack
                0x0000000000000000        0x0 binaries/getpstate.o
 .note.GNU-stack
                0x0000000000000000        0x0 binaries/mywelcomemsg.o
 .note.GNU-stack
                0x0000000000000000        0x0 binaries/host2netlb.o
 .note.GNU-stack
                0x0000000000000000        0x0 binaries/host2netlc.o
 .note.GNU-stack
                0x0000000000000000        0x0 binaries/prntsegaddr.o
 .note.GNU-stack
                0x0000000000000000        0x0 binaries/stackdepth.o
 .note.GNU-stack
                0x0000000000000000        0x0 binaries/stacktop.o
 .note.GNU-stack
                0x0000000000000000        0x0 binaries/myappA.o
 .note.GNU-stack
                0x0000000000000000        0x0 binaries/myhacker.o
 .note.GNU-stack
                0x0000000000000000        0x0 binaries/myvictim.o
 .note.GNU-stack
                0x0000000000000000        0x0 binaries/abs.o
 .note.GNU-stack
                0x0000000000000000        0x0 binaries/atoi.o
 .note.GNU-stack
                0x0000000000000000        0x0 binaries/atol.o
 .note.GNU-stack
                0x0000000000000000        0x0 binaries/bzero.o
 .note.GNU-stack
                0x0000000000000000        0x0 binaries/ctype_.o
 .note.GNU-stack
                0x0000000000000000        0x0 binaries/doprnt.o
 .note.GNU-stack
                0x0000000000000000        0x0 binaries/doscan.o
 .note.GNU-stack
                0x0000000000000000        0x0 binaries/fdoprnt.o
 .note.GNU-stack
                0x0000000000000000        0x0 binaries/fgetc.o
 .note.GNU-stack
                0x0000000000000000        0x0 binaries/fgets.o
 .note.GNU-stack
                0x0000000000000000        0x0 binaries/fprintf.o
 .note.GNU-stack
                0x0000000000000000        0x0 binaries/fputc.o
 .note.GNU-stack
                0x0000000000000000        0x0 binaries/fputs.o
 .note.GNU-stack
                0x0000000000000000        0x0 binaries/fscanf.o
 .note.GNU-stack
                0x0000000000000000        0x0 binaries/getchar.o
 .note.GNU-stack
                0x0000000000000000        0x0 binaries/labs.o
 .note.GNU-stack
                0x0000000000000000        0x0 binaries/memchr.o
 .note.GNU-stack
                0x0000000000000000        0x0 binaries/memcmp.o
 .note.GNU-stack
                0x0000000000000000        0x0 binaries/memcpy.o
 .note.GNU-stack
                0x0000000000000000        0x0 binaries/memset.o
 .note.GNU-stack
                0x0000000000000000        0x0 binaries/printf.o
 .note.GNU-stack
                0x0000000000000000        0x0 binaries/putchar.o
 .note.GNU-stack
                0x0000000000000000        0x0 binaries/qsort.o
 .note.GNU-stack
                0x0000000000000000        0x0 binaries/rand.o
 .note.GNU-stack
                0x0000000000000000        0x0 binaries/sprintf.o
 .note.GNU-stack
                0x0000000000000000        0x0 binaries/sscanf.o
 .note.GNU-stack
                0x0000000000000000        0x0 binaries/strchr.o
 .note.GNU-stack
                0x0000000000000000        0x0 binaries/strcmp.o
 .note.GNU-stack
                0x0000000000000000        0x0 binaries/strcpy.o
 .note.GNU-stack
                0x0000000000000000        0x0 binaries/strlen.o
 .note.GNU-stack
                0x0000000000000000        0x0 binaries/strncat.o
 .note.GNU-stack
                0x0000000000000000        0x0 binaries/strncmp.o
 .note.GNU-stack
                0x0000000000000000        0x0 binaries/strncpy.o
 .note.GNU-stack
                0x0000000000000000        0x0 binaries/strnlen.o
 .note.GNU-stack
                0x0000000000000000        0x0 binaries/strrchr.o
 .note.GNU-stack
                0x0000000000000000        0x0 binaries/strstr.o
 .note.GNU-stack
                0x0000000000000000        0x0 binaries/ttycontrol.o
 .note.GNU-stack
                0x0000000000000000        0x0 binaries/ttygetc.o
 .note.GNU-stack
                0x0000000000000000        0x0 binaries/ttyhandle_in.o
 .note.GNU-stack
                0x0000000000000000        0x0 binaries/ttyhandle_out.o
 .note.GNU-stack
                0x0000000000000000        0x0 binaries/ttyhandler.o
 .note.GNU-stack
                0x0000000000000000        0x0 binaries/ttyinit.o
 .note.GNU-stack
                0x0000000000000000        0x0 binaries/ttykickout.o
 .note.GNU-stack
                0x0000000000000000        0x0 binaries/ttyputc.o
 .note.GNU-stack
                0x0000000000000000        0x0 binaries/ttyread.o
 .note.GNU-stack
                0x0000000000000000        0x0 binaries/ttywrite.o
 .note.GNU-stack
                0x0000000000000000        0x0 binaries/mount.o
 .note.GNU-stack
                0x0000000000000000        0x0 binaries/naminit.o
 .note.GNU-stack
                0x0000000000000000        0x0 binaries/nammap.o
 .note.GNU-stack
                0x0000000000000000        0x0 binaries/namopen.o
 .note.GNU-stack
                0x0000000000000000        0x0 binaries/colon2mac.o
 .note.GNU-stack
                0x0000000000000000        0x0 binaries/ethcontrol.o
 .note.GNU-stack
                0x0000000000000000        0x0 binaries/ethhandler.o
 .note.GNU-stack
                0x0000000000000000        0x0 binaries/ethinit.o
 .note.GNU-stack
                0x0000000000000000        0x0 binaries/ethmcast.o
 .note.GNU-stack
                0x0000000000000000        0x0 binaries/ethread.o
 .note.GNU-stack
                0x0000000000000000        0x0 binaries/ethwrite.o
 .note.GNU-stack
                0x0000000000000000        0x0 binaries/rdsbufalloc.o
 .note.GNU-stack
                0x0000000000000000        0x0 binaries/rdsclose.o
 .note.GNU-stack
                0x0000000000000000        0x0 binaries/rdscomm.o
 .note.GNU-stack
                0x0000000000000000        0x0 binaries/rdscontrol.o
 .note.GNU-stack
                0x0000000000000000        0x0 binaries/rdsinit.o
 .note.GNU-stack
                0x0000000000000000        0x0 binaries/rdsopen.o
 .note.GNU-stack
                0x0000000000000000        0x0 binaries/rdsprocess.o
 .note.GNU-stack
                0x0000000000000000        0x0 binaries/rdsread.o
 .note.GNU-stack
                0x0000000000000000        0x0 binaries/rdswrite.o
 .note.GNU-stack
                0x0000000000000000        0x0 binaries/ramclose.o
 .note.GNU-stack
                0x0000000000000000        0x0 binaries/raminit.o
 .note.GNU-stack
                0x0000000000000000        0x0 binaries/ramopen.o
 .note.GNU-stack
                0x0000000000000000        0x0 binaries/ramread.o
 .note.GNU-stack
                0x0000000000000000        0x0 binaries/ramwrite.o
 .note.GNU-stack
                0x0000000000000000        0x0 binaries/lfdballoc.o
 .note.GNU-stack
                0x0000000000000000        0x0 binaries/lfdbfree.o
 .note.GNU-stack
                0x0000000000000000        0x0 binaries/lfflush.o
 .note.GNU-stack
                0x0000000000000000        0x0 binaries/lfgetmode.o
 .note.GNU-stack
                0x0000000000000000        0x0 binaries/lfiballoc.o
 .note.GNU-stack
                0x0000000000000000        0x0 binaries/lfibclear.o
 .note.GNU-stack
                0x0000000000000000        0x0 binaries/lfibget.o
 .note.GNU-stack
                0x0000000000000000        0x0 binaries/lfibput.o
 .note.GNU-stack
                0x0000000000000000        0x0 binaries/lflclose.o
 .note.GNU-stack
                0x0000000000000000        0x0 binaries/lflcontrol.o
 .note.GNU-stack
                0x0000000000000000        0x0 binaries/lflgetc.o
 .note.GNU-stack
                0x0000000000000000        0x0 binaries/lflinit.o
 .note.GNU-stack
                0x0000000000000000        0x0 binaries/lflputc.o
 .note.GNU-stack
                0x0000000000000000        0x0 binaries/lflread.o
 .note.GNU-stack
                0x0000000000000000        0x0 binaries/lflseek.o
 .note.GNU-stack
                0x0000000000000000        0x0 binaries/lflwrite.o
 .note.GNU-stack
                0x0000000000000000        0x0 binaries/lfsckfmt.o
 .note.GNU-stack
                0x0000000000000000        0x0 binaries/lfscreate.o
 .note.GNU-stack
                0x0000000000000000        0x0 binaries/lfsetup.o
 .note.GNU-stack
                0x0000000000000000        0x0 binaries/lfsinit.o
 .note.GNU-stack
                0x0000000000000000        0x0 binaries/lfsopen.o
 .note.GNU-stack
                0x0000000000000000        0x0 binaries/lftruncate.o
 .note.GNU-stack
                0x0000000000000000        0x0 binaries/rflclose.o
 .note.GNU-stack
                0x0000000000000000        0x0 binaries/rflgetc.o
 .note.GNU-stack
                0x0000000000000000        0x0 binaries/rflinit.o
 .note.GNU-stack
                0x0000000000000000        0x0 binaries/rflputc.o
 .note.GNU-stack
                0x0000000000000000        0x0 binaries/rflread.o
 .note.GNU-stack
                0x0000000000000000        0x0 binaries/rflseek.o
 .note.GNU-stack
                0x0000000000000000        0x0 binaries/rflwrite.o
 .note.GNU-stack
                0x0000000000000000        0x0 binaries/rfscomm.o
 .note.GNU-stack
                0x0000000000000000        0x0 binaries/rfscontrol.o
 .note.GNU-stack
                0x0000000000000000        0x0 binaries/rfsgetmode.o
 .note.GNU-stack
                0x0000000000000000        0x0 binaries/rfsinit.o
 .note.GNU-stack
                0x0000000000000000        0x0 binaries/rfsndmsg.o
 .note.GNU-stack
                0x0000000000000000        0x0 binaries/rfsopen.o
 .note.GNU-stack
                0x0000000000000000        0x0 binaries/arp.o
 .note.GNU-stack
                0x0000000000000000        0x0 binaries/dhcp.o
 .note.GNU-stack
                0x0000000000000000        0x0 binaries/dot2ip.o
 .note.GNU-stack
                0x0000000000000000        0x0 binaries/hexdump.o
 .note.GNU-stack
                0x0000000000000000        0x0 binaries/icmp.o
 .note.GNU-stack
                0x0000000000000000        0x0 binaries/ip.o
 .note.GNU-stack
                0x0000000000000000        0x0 binaries/net.o
 .note.GNU-stack
                0x0000000000000000        0x0 binaries/netstart.o
 .note.GNU-stack
                0x0000000000000000        0x0 binaries/pdump.o
 .note.GNU-stack
                0x0000000000000000        0x0 binaries/tftp.o
 .note.GNU-stack
                0x0000000000000000        0x0 binaries/udp.o
 .note.GNU-stack
                0x0000000000000000        0x0 binaries/addargs.o
 .note.GNU-stack
                0x0000000000000000        0x0 binaries/lexan.o
 .note.GNU-stack
                0x0000000000000000        0x0 binaries/shell.o
 .note.GNU-stack
                0x0000000000000000        0x0 binaries/xsh_argecho.o
 .note.GNU-stack
                0x0000000000000000        0x0 binaries/xsh_arp.o
 .note.GNU-stack
                0x0000000000000000        0x0 binaries/xsh_cat.o
 .note.GNU-stack
                0x0000000000000000        0x0 binaries/xsh_clear.o
 .note.GNU-stack
                0x0000000000000000        0x0 binaries/xsh_date.o
 .note.GNU-stack
                0x0000000000000000        0x0 binaries/xsh_devdump.o
 .note.GNU-stack
                0x0000000000000000        0x0 binaries/xsh_echo.o
 .note.GNU-stack
                0x0000000000000000        0x0 binaries/xsh_exit.o
 .note.GNU-stack
                0x0000000000000000        0x0 binaries/xsh_help.o
 .note.GNU-stack
                0x0000000000000000        0x0 binaries/xsh_ipaddr.o
 .note.GNU-stack
                0x0000000000000000        0x0 binaries/xsh_kill.o
 .note.GNU-stack
                0x0000000000000000        0x0 binaries/xsh_memdump.o
 .note.GNU-stack
                0x0000000000000000        0x0 binaries/xsh_memstat.o
 .note.GNU-stack
                0x0000000000000000        0x0 binaries/xsh_ping.o
 .note.GNU-stack
                0x0000000000000000        0x0 binaries/xsh_ps.o
 .note.GNU-stack
                0x0000000000000000        0x0 binaries/xsh_sleep.o
 .note.GNU-stack
                0x0000000000000000        0x0 binaries/xsh_udpdump.o
 .note.GNU-stack
                0x0000000000000000        0x0 binaries/xsh_udpecho.o
 .note.GNU-stack
                0x0000000000000000        0x0 binaries/xsh_udpeserver.o
 .note.GNU-stack
                0x0000000000000000        0x0 binaries/xsh_uptime.o
