
Allocating common symbols
Common symbol       size              file

netbufpool          0x4               binaries/net.o
readylist           0x2               binaries/ready.o
rfltab              0x5a0             binaries/rflinit.o
plzhackme_content   0x4               binaries/myhacker.o
sleepq              0x2               binaries/clkinit.o
nnames              0x4               binaries/naminit.o
udptab              0x168             binaries/udp.o
minheap             0x4               binaries/meminit.o
marks               0x50              binaries/mark.o
currpid             0x4               binaries/initialize.o
Lf_data             0x20c             binaries/lfsinit.o
porttab             0x2d0             binaries/ptinit.o
girmask             0x2               binaries/evec.o
ttytab              0x10c             binaries/ttyinit.o
proctab             0x15e0            binaries/initialize.o
prcount             0x4               binaries/initialize.o
lfltab              0xf00             binaries/lflinit.o
rdstab              0x8c              binaries/rdsinit.o
ethertab            0x138             binaries/ethinit.o
NetData             0xa8              binaries/net.o
nmarks              0x4               binaries/mark.o
Defer               0x8               binaries/resched.o
semtab              0x4b0             binaries/initialize.o
maxheap             0x4               binaries/meminit.o
preempt             0x4               binaries/clkinit.o
buftab              0xf0              binaries/bufinit.o
Rf_data             0x18              binaries/rfsinit.o
mkmutex             0x4               binaries/mark.o
clktime             0x4               binaries/clkinit.o
arpcache            0x140             binaries/arp.o
icmptab             0x230             binaries/icmp.o
nbpools             0x4               binaries/bufinit.o
queuetab            0x980             binaries/queue.o
ptnextid            0x4               binaries/ptinit.o
Ram                 0x19000           binaries/raminit.o
ipoqueue            0x2c              binaries/ip.o
memlist             0x8               binaries/initialize.o
nametab             0x19a0            binaries/naminit.o
ptfree              0x4               binaries/ptinit.o

Memory Configuration

Name             Origin             Length             Attributes
*default*        0x0000000000000000 0xffffffffffffffff

Linker script and memory map

                0x0000000000100000                physbase = 0x100000
                0x0000000000100000                . = physbase
                0x0000000000100000                . = ALIGN (0x1000)

.text           0x0000000000100000    0x15000
                0x0000000000100000                text = ABSOLUTE (.)
 *(.text .text.*)
 .text          0x0000000000100000      0x1ab binaries/start.o
                0x0000000000100028                start
                0x00000000001000f9                inb
                0x0000000000100101                inw
                0x000000000010010a                inl
                0x0000000000100112                outb
                0x000000000010011c                outw
                0x0000000000100127                outl
                0x0000000000100131                _rtcin
                0x000000000010013c                ___udivsi3
                0x0000000000100147                ___divsi3
                0x0000000000100153                sbzero
                0x0000000000100163                bcopy
                0x0000000000100177                insw
                0x000000000010018d                outsw
                0x00000000001001a3                lidt
 .text          0x00000000001001ab      0x2b9 binaries/ascdate.o
                0x00000000001001ab                ascdate
 .text          0x0000000000100464       0x14 binaries/bufinit.o
                0x0000000000100464                bufinit
 .text          0x0000000000100478       0x74 binaries/chprio.o
                0x0000000000100478                chprio
 .text          0x00000000001004ec       0x74 binaries/clkhandler.o
                0x00000000001004ec                clkhandler
 .text          0x0000000000100560       0x5d binaries/clkinit.o
                0x0000000000100560                clkinit
 .text          0x00000000001005bd       0x56 binaries/close.o
                0x00000000001005bd                close
 .text          0x0000000000100613        0x0 binaries/conf.o
 .text          0x0000000000100613       0x5c binaries/control.o
                0x0000000000100613                control
 .text          0x000000000010066f      0x26b binaries/create.o
                0x000000000010066f                create
 .text          0x00000000001008da      0x20e binaries/early_imr.o
                0x00000000001008da                intel_cln_early_sb_read_reg
                0x0000000000100931                intel_cln_early_sb_write_reg
                0x00000000001009eb                remove_irm_protections
 .text          0x0000000000100ae8      0x2f4 binaries/evec.o
                0x0000000000100ae8                setirmask
                0x0000000000100b20                set_evec
                0x0000000000100b7b                initevec
                0x0000000000100c4d                trap
 .text          0x0000000000100ddc       0x7f binaries/freebuf.o
                0x0000000000100ddc                freebuf
 .text          0x0000000000100e5b      0x108 binaries/freemem.o
                0x0000000000100e5b                freemem
 .text          0x0000000000100f63       0x6e binaries/getbuf.o
                0x0000000000100f63                getbuf
 .text          0x0000000000100fd1       0x56 binaries/getc.o
                0x0000000000100fd1                getc
 .text          0x0000000000101027       0x69 binaries/getdev.o
                0x0000000000101027                getdev
 .text          0x0000000000101090       0x82 binaries/getitem.o
                0x0000000000101090                getitem
                0x00000000001010bf                getfirst
                0x00000000001010e6                getlast
 .text          0x0000000000101112       0xc2 binaries/getmem.o
                0x0000000000101112                getmem
 .text          0x00000000001011d4        0xa binaries/getpid.o
                0x00000000001011d4                getpid
 .text          0x00000000001011de       0x66 binaries/getprio.o
                0x00000000001011de                getprio
 .text          0x0000000000101244       0xac binaries/getstk.o
                0x0000000000101244                getstk
 .text          0x00000000001012f0       0x32 binaries/gettime.o
                0x00000000001012f0                gettime
 .text          0x0000000000101322      0x198 binaries/getutime.o
                0x0000000000101322                getutime
 .text          0x00000000001014ba       0x56 binaries/init.o
                0x00000000001014ba                init
 .text          0x0000000000101510      0x246 binaries/initialize.o
                0x0000000000101510                nulluser
                0x000000000010170c                stop
                0x0000000000101730                delay
 .text          0x0000000000101756       0xa1 binaries/insert.o
                0x0000000000101756                insert
 .text          0x00000000001017f7       0xf4 binaries/insertd.o
                0x00000000001017f7                insertd
 .text          0x00000000001018eb        0xa binaries/ioerr.o
                0x00000000001018eb                ioerr
 .text          0x00000000001018f5        0xa binaries/ionull.o
                0x00000000001018f5                ionull
 .text          0x00000000001018ff      0x19d binaries/kill.o
                0x00000000001018ff                kill
 .text          0x0000000000101a9c       0xa9 binaries/kprintf.o
                0x0000000000101a9c                kputc
                0x0000000000101ace                console_init
                0x0000000000101b01                kgetc
                0x0000000000101b27                kprintf
 .text          0x0000000000101b45      0x1e9 binaries/main.o
                0x0000000000101b45                main
 .text          0x0000000000101d2e       0x99 binaries/mark.o
                0x0000000000101d2e                markinit
                0x0000000000101d4f                mark
 .text          0x0000000000101dc7      0x1ff binaries/meminit.o
                0x0000000000101dc7                meminit
                0x0000000000101f56                setsegs
 .text          0x0000000000101fc6      0x122 binaries/mkbufpool.o
                0x0000000000101fc6                mkbufpool
 .text          0x00000000001020e8       0x63 binaries/newqueue.o
                0x00000000001020e8                newqueue
 .text          0x000000000010214b       0x5c binaries/open.o
                0x000000000010214b                open
 .text          0x00000000001021a7       0x20 binaries/panic.o
                0x00000000001021a7                panic
 .text          0x00000000001021c7      0x282 binaries/pci.o
                0x00000000001021c7                pci_init
                0x00000000001021d1                find_pci_device
                0x0000000000102290                pci_read_config_byte
                0x00000000001022ce                pci_read_config_word
                0x000000000010230e                pci_read_config_dword
                0x000000000010234c                pci_write_config_byte
                0x0000000000102388                pci_write_config_word
                0x00000000001023c5                pci_write_config_dword
                0x0000000000102401                pci_get_dev_mmio_base_addr
 .text          0x0000000000102449       0x50 binaries/platinit.o
                0x0000000000102449                platinit
 .text          0x0000000000102499       0xa9 binaries/ptclear.o
                0x0000000000102499                _ptclear
 .text          0x0000000000102542       0x85 binaries/ptcount.o
                0x0000000000102542                ptcount
 .text          0x00000000001025c7       0xfe binaries/ptcreate.o
                0x00000000001025c7                ptcreate
 .text          0x00000000001026c5       0x63 binaries/ptdelete.o
                0x00000000001026c5                ptdelete
 .text          0x0000000000102728       0x91 binaries/ptinit.o
                0x0000000000102728                ptinit
 .text          0x00000000001027b9       0xf5 binaries/ptrecv.o
                0x00000000001027b9                ptrecv
 .text          0x00000000001028ae       0x66 binaries/ptreset.o
                0x00000000001028ae                ptreset
 .text          0x0000000000102914      0x115 binaries/ptsend.o
                0x0000000000102914                ptsend
 .text          0x0000000000102a29       0x64 binaries/putc.o
                0x0000000000102a29                putc
 .text          0x0000000000102a8d       0xb3 binaries/quark_irq.o
                0x0000000000102a8d                quark_irq_routing
 .text          0x0000000000102b40      0x19a binaries/quark_pdat.o
                0x0000000000102b40                get_quark_pdat_entry_data_by_id
                0x0000000000102c0a                get_quark_pdat_entry_data_by_desc
 .text          0x0000000000102cda       0xb9 binaries/queue.o
                0x0000000000102cda                enqueue
                0x0000000000102d48                dequeue
 .text          0x0000000000102d93       0x5c binaries/read.o
                0x0000000000102d93                read
 .text          0x0000000000102def       0x6c binaries/ready.o
                0x0000000000102def                ready
 .text          0x0000000000102e5b       0x6e binaries/receive.o
                0x0000000000102e5b                receive
 .text          0x0000000000102ec9       0x57 binaries/recvclr.o
                0x0000000000102ec9                recvclr
 .text          0x0000000000102f20       0xc8 binaries/recvtime.o
                0x0000000000102f20                recvtime
 .text          0x0000000000102fe8      0x150 binaries/resched.o
                0x0000000000102fe8                resched
                0x00000000001030c6                resched_cntl
 .text          0x0000000000103138       0x90 binaries/resume.o
                0x0000000000103138                resume
 .text          0x00000000001031c8       0x59 binaries/seek.o
                0x00000000001031c8                seek
 .text          0x0000000000103221       0x51 binaries/semcount.o
                0x0000000000103221                semcount
 .text          0x0000000000103272       0x93 binaries/semcreate.o
                0x0000000000103272                semcreate
 .text          0x0000000000103305       0xd1 binaries/semdelete.o
                0x0000000000103305                semdelete
 .text          0x00000000001033d6       0xa8 binaries/semreset.o
                0x00000000001033d6                semreset
 .text          0x000000000010347e       0xd1 binaries/send.o
                0x000000000010347e                send
 .text          0x000000000010354f       0x95 binaries/signal.o
                0x000000000010354f                signal
 .text          0x00000000001035e4       0xc2 binaries/signaln.o
                0x00000000001035e4                signaln
 .text          0x00000000001036a6       0xc9 binaries/sleep.o
                0x00000000001036a6                sleepms
                0x0000000000103739                sleep
 .text          0x000000000010376f      0x1ad binaries/stacktrace.o
                0x000000000010376f                stacktrace
 .text          0x000000000010391c       0xd3 binaries/suspend.o
                0x000000000010391c                suspend
 .text          0x00000000001039ef       0x9a binaries/unsleep.o
                0x00000000001039ef                unsleep
 .text          0x0000000000103a89       0x19 binaries/userret.o
                0x0000000000103a89                userret
 .text          0x0000000000103aa2       0xb9 binaries/wait.o
                0x0000000000103aa2                wait
 .text          0x0000000000103b5b       0x71 binaries/wakeup.o
                0x0000000000103b5b                wakeup
 .text          0x0000000000103bcc       0x5c binaries/write.o
                0x0000000000103bcc                write
 .text          0x0000000000103c28       0x1a binaries/xdone.o
                0x0000000000103c28                xdone
 .text          0x0000000000103c42       0x26 binaries/yield.o
                0x0000000000103c42                yield
 .text          0x0000000000103c68       0x20 binaries/app1.o
                0x0000000000103c68                app1
 .text          0x0000000000103c88       0x72 binaries/app2.o
                0x0000000000103c88                app2
 .text          0x0000000000103cfa       0x57 binaries/app3.o
                0x0000000000103cfa                app3
 .text          0x0000000000103d51       0x34 binaries/getppid.o
                0x0000000000103d51                getppid
 .text          0x0000000000103d85       0x35 binaries/getpstate.o
                0x0000000000103d85                getpstate
 .text          0x0000000000103dba       0x2d binaries/mywelcomemsg.o
                0x0000000000103dba                mywelcomemsg
 .text          0x0000000000103de7        0xe binaries/host2netlb.o
                0x0000000000103de7                host2netlb
 .text          0x0000000000103df5       0x23 binaries/host2netlc.o
                0x0000000000103df5                host2netlc
 .text          0x0000000000103e18      0x10a binaries/prntsegaddr.o
                0x0000000000103e18                doit
                0x0000000000103e56                print_size
                0x0000000000103e75                prntsegaddr
 .text          0x0000000000103f22       0xae binaries/stackdepth.o
                0x0000000000103f22                stackdepth
 .text          0x0000000000103fd0       0x30 binaries/stacktop.o
                0x0000000000103fd0                stacktop
 .text          0x0000000000104000       0xb1 binaries/myappA.o
                0x0000000000104000                myfuncA
                0x000000000010401c                myappA
 .text          0x00000000001040b1       0x6d binaries/myhacker.o
                0x00000000001040b1                myhacker
 .text          0x000000000010411e       0x80 binaries/myvictim.o
                0x000000000010411e                victim_sleeper
                0x0000000000104158                myvictim
 .text          0x000000000010419e       0x5c binaries/myhackermalware.o
                0x000000000010419e                myhackermalware
 .text          0x00000000001041fa       0x11 binaries/abs.o
                0x00000000001041fa                abs
 .text          0x000000000010420b       0x84 binaries/atoi.o
                0x000000000010420b                atoi
 .text          0x000000000010428f       0x84 binaries/atol.o
                0x000000000010428f                atol
 .text          0x0000000000104313       0x1a binaries/bzero.o
                0x0000000000104313                bzero
 .text          0x000000000010432d        0x0 binaries/ctype_.o
 .text          0x000000000010432d      0x6bf binaries/doprnt.o
                0x0000000000104480                _doprnt
 .text          0x00000000001049ec      0x5f2 binaries/doscan.o
                0x00000000001049ec                _doscan
 .text          0x0000000000104fde      0x64e binaries/fdoprnt.o
                0x0000000000105063                _fdoprnt
 .text          0x000000000010562c       0x1c binaries/fgetc.o
                0x000000000010562c                fgetc
 .text          0x0000000000105648       0x61 binaries/fgets.o
                0x0000000000105648                fgets
 .text          0x00000000001056a9       0x21 binaries/fprintf.o
                0x00000000001056a9                fprintf
 .text          0x00000000001056ca       0x27 binaries/fputc.o
                0x00000000001056ca                fputc
 .text          0x00000000001056f1       0x3a binaries/fputs.o
                0x00000000001056f1                fputs
 .text          0x000000000010572b       0x6a binaries/fscanf.o
                0x0000000000105769                fscanf
 .text          0x0000000000105795       0x26 binaries/getchar.o
                0x0000000000105795                getchar
 .text          0x00000000001057bb       0x11 binaries/labs.o
                0x00000000001057bb                labs
 .text          0x00000000001057cc       0x36 binaries/memchr.o
                0x00000000001057cc                memchr
 .text          0x0000000000105802       0x4a binaries/memcmp.o
                0x0000000000105802                memcmp
 .text          0x000000000010584c       0x26 binaries/memcpy.o
                0x000000000010584c                memcpy
 .text          0x0000000000105872       0x1f binaries/memset.o
                0x0000000000105872                memset
 .text          0x0000000000105891       0x37 binaries/printf.o
                0x0000000000105891                printf
 .text          0x00000000001058c8       0x29 binaries/putchar.o
                0x00000000001058c8                putchar
 .text          0x00000000001058f1      0x1cc binaries/qsort.o
                0x0000000000105a95                qsort
 .text          0x0000000000105abd       0x4c binaries/rand.o
                0x0000000000105abd                srand
                0x0000000000105aca                rand
 .text          0x0000000000105b09       0x48 binaries/sprintf.o
                0x0000000000105b22                sprintf
 .text          0x0000000000105b51       0x5a binaries/sscanf.o
                0x0000000000105b81                sscanf
 .text          0x0000000000105bab       0x2f binaries/strchr.o
                0x0000000000105bab                strchr
 .text          0x0000000000105bda       0x45 binaries/strcmp.o
                0x0000000000105bda                strcmp
 .text          0x0000000000105c1f       0x1c binaries/strcpy.o
                0x0000000000105c1f                strcpy
 .text          0x0000000000105c3b       0x20 binaries/strlen.o
                0x0000000000105c3b                strlen
 .text          0x0000000000105c5b       0x3d binaries/strncat.o
                0x0000000000105c5b                strncat
 .text          0x0000000000105c98       0x3b binaries/strncmp.o
                0x0000000000105c98                strncmp
 .text          0x0000000000105cd3       0x59 binaries/strncpy.o
                0x0000000000105cd3                strncpy
 .text          0x0000000000105d2c       0x38 binaries/strnlen.o
                0x0000000000105d2c                strnlen
 .text          0x0000000000105d64       0x32 binaries/strrchr.o
                0x0000000000105d64                strrchr
 .text          0x0000000000105d96       0x68 binaries/strstr.o
                0x0000000000105d96                strstr
 .text          0x0000000000105dfe      0x112 binaries/ttycontrol.o
                0x0000000000105dfe                ttycontrol
 .text          0x0000000000105f10       0xb0 binaries/ttygetc.o
                0x0000000000105f10                ttygetc
 .text          0x0000000000105fc0      0x4a3 binaries/ttyhandle_in.o
                0x0000000000106084                ttyhandle_in
 .text          0x0000000000106463      0x178 binaries/ttyhandle_out.o
                0x0000000000106463                ttyhandle_out
 .text          0x00000000001065db       0x85 binaries/ttyhandler.o
                0x00000000001065db                ttyhandler
 .text          0x0000000000106660      0x15d binaries/ttyinit.o
                0x0000000000106660                ttyinit
 .text          0x00000000001067bd        0xf binaries/ttykickout.o
                0x00000000001067bd                ttykickout
 .text          0x00000000001067cc       0xb2 binaries/ttyputc.o
                0x00000000001067cc                ttyputc
 .text          0x000000000010687e       0xff binaries/ttyread.o
                0x000000000010687e                ttyread
 .text          0x000000000010697d       0x4d binaries/ttywrite.o
                0x000000000010697d                ttywrite
 .text          0x00000000001069ca      0x129 binaries/mount.o
                0x00000000001069ca                namlen
                0x0000000000106a06                mount
 .text          0x0000000000106af3      0x1c4 binaries/naminit.o
                0x0000000000106af3                naminit
 .text          0x0000000000106cb7      0x1fe binaries/nammap.o
                0x0000000000106cb7                namrepl
                0x0000000000106dda                namcpy
                0x0000000000106e28                nammap
 .text          0x0000000000106eb5       0x44 binaries/namopen.o
                0x0000000000106eb5                namopen
 .text          0x0000000000106ef9       0xd4 binaries/colon2mac.o
                0x0000000000106ef9                colon2mac
 .text          0x0000000000106fcd       0x7d binaries/ethcontrol.o
                0x0000000000106fcd                ethcontrol
 .text          0x000000000010704a      0x17e binaries/ethhandler.o
                0x000000000010704a                ethhandler
 .text          0x00000000001071c8      0x548 binaries/ethinit.o
                0x00000000001071c8                eth_phy_read
                0x0000000000107208                eth_phy_write
                0x0000000000107249                eth_phy_reset
                0x0000000000107323                ethinit
 .text          0x0000000000107710      0x107 binaries/ethmcast.o
                0x0000000000107710                ethmcast_add
                0x000000000010775c                ethmcast_remove
 .text          0x0000000000107817      0x172 binaries/ethread.o
                0x0000000000107817                ethread
 .text          0x0000000000107989       0xc1 binaries/ethwrite.o
                0x0000000000107989                ethwrite
 .text          0x0000000000107a4a       0x68 binaries/rdsbufalloc.o
                0x0000000000107a4a                rdsbufalloc
 .text          0x0000000000107ab2       0xd6 binaries/rdsclose.o
                0x0000000000107ab2                rdsclose
 .text          0x0000000000107b88      0x1df binaries/rdscomm.o
                0x0000000000107b88                rdscomm
 .text          0x0000000000107d67      0x1c4 binaries/rdscontrol.o
                0x0000000000107d67                rdscontrol
 .text          0x0000000000107f2b      0x1f7 binaries/rdsinit.o
                0x0000000000107f2b                rdsinit
 .text          0x0000000000108122      0x199 binaries/rdsopen.o
                0x0000000000108122                rdsopen
 .text          0x00000000001082bb      0x2c5 binaries/rdsprocess.o
                0x00000000001082bb                rdsprocess
 .text          0x0000000000108580      0x1d8 binaries/rdsread.o
                0x0000000000108580                rdsread
 .text          0x0000000000108758      0x1ae binaries/rdswrite.o
                0x0000000000108758                rdswrite
 .text          0x0000000000108906        0xa binaries/ramclose.o
                0x0000000000108906                ramclose
 .text          0x0000000000108910       0x35 binaries/raminit.o
                0x0000000000108910                raminit
 .text          0x0000000000108945        0xa binaries/ramopen.o
                0x0000000000108945                ramopen
 .text          0x000000000010894f       0x26 binaries/ramread.o
                0x000000000010894f                ramread
 .text          0x0000000000108975       0x26 binaries/ramwrite.o
                0x0000000000108975                ramwrite
 .text          0x000000000010899b       0x87 binaries/lfdballoc.o
                0x000000000010899b                lfdballoc
 .text          0x0000000000108a22       0x49 binaries/lfdbfree.o
                0x0000000000108a22                lfdbfree
 .text          0x0000000000108a6b       0xa1 binaries/lfflush.o
                0x0000000000108a6b                lfflush
 .text          0x0000000000108b0c       0x82 binaries/lfgetmode.o
                0x0000000000108b0c                lfgetmode
 .text          0x0000000000108b8e       0x60 binaries/lfiballoc.o
                0x0000000000108b8e                lfiballoc
 .text          0x0000000000108bee       0x27 binaries/lfibclear.o
                0x0000000000108bee                lfibclear
 .text          0x0000000000108c15       0x6c binaries/lfibget.o
                0x0000000000108c15                lfibget
 .text          0x0000000000108c81       0x88 binaries/lfibput.o
                0x0000000000108c81                lfibput
 .text          0x0000000000108d09       0xa4 binaries/lflclose.o
                0x0000000000108d09                lflclose
 .text          0x0000000000108dad       0xc2 binaries/lflcontrol.o
                0x0000000000108dad                lflcontrol
 .text          0x0000000000108e6f       0xfd binaries/lflgetc.o
                0x0000000000108e6f                lflgetc
 .text          0x0000000000108f6c       0xe7 binaries/lflinit.o
                0x0000000000108f6c                lflinit
 .text          0x0000000000109053      0x12f binaries/lflputc.o
                0x0000000000109053                lflputc
 .text          0x0000000000109182       0x6b binaries/lflread.o
                0x0000000000109182                lflread
 .text          0x00000000001091ed       0xbd binaries/lflseek.o
                0x00000000001091ed                lflseek
 .text          0x00000000001092aa       0x52 binaries/lflwrite.o
                0x00000000001092aa                lflwrite
 .text          0x00000000001092fc      0x114 binaries/lfsckfmt.o
                0x00000000001092fc                lfsckfmt
 .text          0x0000000000109410      0x1e6 binaries/lfscreate.o
                0x0000000000109410                lfscreate
 .text          0x00000000001095f6      0x1b1 binaries/lfsetup.o
                0x00000000001095f6                lfsetup
 .text          0x00000000001097a7       0x45 binaries/lfsinit.o
                0x00000000001097a7                lfsinit
 .text          0x00000000001097ec      0x302 binaries/lfsopen.o
                0x00000000001097ec                lfsopen
 .text          0x0000000000109aee      0x112 binaries/lftruncate.o
                0x0000000000109aee                lftruncate
 .text          0x0000000000109c00       0x69 binaries/rflclose.o
                0x0000000000109c00                rflclose
 .text          0x0000000000109c69       0x29 binaries/rflgetc.o
                0x0000000000109c69                rflgetc
 .text          0x0000000000109c92       0x6c binaries/rflinit.o
                0x0000000000109c92                rflinit
 .text          0x0000000000109cfe       0x29 binaries/rflputc.o
                0x0000000000109cfe                rflputc
 .text          0x0000000000109d27      0x2b6 binaries/rflread.o
                0x0000000000109d27                rflread
 .text          0x0000000000109fdd       0x68 binaries/rflseek.o
                0x0000000000109fdd                rflseek
 .text          0x000000000010a045      0x2fa binaries/rflwrite.o
                0x000000000010a045                rflwrite
 .text          0x000000000010a33f      0x17d binaries/rfscomm.o
                0x000000000010a33f                rfscomm
 .text          0x000000000010a4bc      0x22b binaries/rfscontrol.o
                0x000000000010a4bc                rfscontrol
 .text          0x000000000010a6e7       0x82 binaries/rfsgetmode.o
                0x000000000010a6e7                rfsgetmode
 .text          0x000000000010a769       0x7e binaries/rfsinit.o
                0x000000000010a769                rfsinit
 .text          0x000000000010a7e7       0xad binaries/rfsndmsg.o
                0x000000000010a7e7                rfsndmsg
 .text          0x000000000010a894      0x243 binaries/rfsopen.o
                0x000000000010a894                rfsopen
 .text          0x000000000010aad7      0x626 binaries/arp.o
                0x000000000010aad7                arp_init
                0x000000000010aaf3                arp_alloc
                0x000000000010ab9a                arp_ntoh
                0x000000000010ac07                arp_hton
                0x000000000010ac74                arp_resolve
                0x000000000010aec5                arp_in
 .text          0x000000000010b0fd      0x5ed binaries/dhcp.o
                0x000000000010b0fd                dhcp_get_opt_val
                0x000000000010b151                dhcp_bld_bootp_msg
                0x000000000010b223                dhcp_bld_disc
                0x000000000010b275                dhcp_bld_req
                0x000000000010b310                getlocalip
 .text          0x000000000010b6ea       0xda binaries/dot2ip.o
                0x000000000010b6ea                dot2ip
 .text          0x000000000010b7c4      0x38c binaries/hexdump.o
                0x000000000010b7c4                hexdump
                0x000000000010b91e                hexadump
 .text          0x000000000010bb50      0x6f6 binaries/icmp.o
                0x000000000010bb50                icmp_init
                0x000000000010bb6c                icmp_register
                0x000000000010bc2a                icmp_recv
                0x000000000010bdcd                icmp_mkpkt
                0x000000000010be9a                icmp_in
                0x000000000010c034                icmp_send
                0x000000000010c0a3                icmp_release
                0x000000000010c1be                icmp_cksum
                0x000000000010c218                icmp_hton
                0x000000000010c22f                icmp_ntoh
 .text          0x000000000010c246      0x5e2 binaries/ip.o
                0x000000000010c246                ip_local
                0x000000000010c286                ipcksum
                0x000000000010c2dc                ip_ntoh
                0x000000000010c349                ip_in
                0x000000000010c46e                ip_hton
                0x000000000010c4db                ip_out
                0x000000000010c591                ip_send
                0x000000000010c69c                ipout
                0x000000000010c78f                ip_enqueue
 .text          0x000000000010c828      0x1b2 binaries/net.o
                0x000000000010c828                net_init
                0x000000000010c91f                eth_hton
                0x000000000010c92c                eth_ntoh
                0x000000000010c939                netin
 .text          0x000000000010c9da       0xb9 binaries/netstart.o
                0x000000000010c9da                netstart
 .text          0x000000000010ca93      0xa30 binaries/pdump.o
                0x000000000010ca93                pdump
                0x000000000010d078                pdumph
 .text          0x000000000010d4c3      0x5b8 binaries/tftp.o
                0x000000000010d4c3                tftp_send1
                0x000000000010d5d7                tftpget_mb
                0x000000000010da58                tftpget
 .text          0x000000000010da7b      0xa17 binaries/udp.o
                0x000000000010da7b                udp_init
                0x000000000010dabc                udp_in
                0x000000000010dbe5                udp_register
                0x000000000010dcf6                udp_recv
                0x000000000010de8f                udp_recvaddr
                0x000000000010e03c                udp_send
                0x000000000010e1ea                udp_sendto
                0x000000000010e353                udp_release
                0x000000000010e464                udp_ntoh
                0x000000000010e47b                udp_hton
 .text          0x000000000010e492      0x11f binaries/addargs.o
                0x000000000010e492                addargs
 .text          0x000000000010e5b1      0x1db binaries/lexan.o
                0x000000000010e5b1                lexan
 .text          0x000000000010e78c      0x64d binaries/shell.o
                0x000000000010e78c                shell
 .text          0x000000000010edd9       0x59 binaries/xsh_argecho.o
                0x000000000010edd9                xsh_argecho
 .text          0x000000000010ee32      0x1fb binaries/xsh_arp.o
                0x000000000010ee32                xsh_arp
 .text          0x000000000010f02d      0x214 binaries/xsh_cat.o
                0x000000000010f02d                xsh_cat
 .text          0x000000000010f241       0x58 binaries/xsh_clear.o
                0x000000000010f241                xsh_clear
 .text          0x000000000010f299      0x2a8 binaries/xsh_date.o
                0x000000000010f299                xsh_date
 .text          0x000000000010f541       0x89 binaries/xsh_devdump.o
                0x000000000010f541                xsh_devdump
 .text          0x000000000010f5ca       0x63 binaries/xsh_echo.o
                0x000000000010f5ca                xsh_echo
 .text          0x000000000010f62d        0xa binaries/xsh_exit.o
                0x000000000010f62d                xsh_exit
 .text          0x000000000010f637      0x335 binaries/xsh_help.o
                0x000000000010f637                xsh_help
 .text          0x000000000010f96c      0x38b binaries/xsh_ipaddr.o
                0x000000000010f96c                xsh_ipaddr
 .text          0x000000000010fcf7      0x1de binaries/xsh_kill.o
                0x000000000010fcf7                xsh_kill
 .text          0x000000000010fed5      0x3f3 binaries/xsh_memdump.o
                0x000000000010ff9b                xsh_memdump
 .text          0x00000000001102c8      0x1de binaries/xsh_memstat.o
                0x00000000001102c8                xsh_memstat
 .text          0x00000000001104a6      0x2c7 binaries/xsh_ping.o
                0x00000000001104a6                xsh_ping
 .text          0x000000000011076d      0x1ae binaries/xsh_ps.o
                0x000000000011076d                xsh_ps
 .text          0x000000000011091b      0x1d3 binaries/xsh_sleep.o
                0x000000000011091b                xsh_sleep
 .text          0x0000000000110aee      0x1d5 binaries/xsh_udpdump.o
                0x0000000000110aee                xsh_udpdump
 .text          0x0000000000110cc3      0x40a binaries/xsh_udpecho.o
                0x0000000000110cc3                xsh_udpecho
 .text          0x00000000001110cd      0x232 binaries/xsh_udpeserver.o
                0x00000000001110cd                xsh_udpeserver
 .text          0x00000000001112ff      0x1c2 binaries/xsh_uptime.o
                0x00000000001112ff                xsh_uptime
 .text          0x00000000001114c1        0xe binaries/clkdisp.o
                0x00000000001114c1                clkdisp
 .text          0x00000000001114cf       0x19 binaries/ctxsw.o
                0x00000000001114cf                ctxsw
 .text          0x00000000001114e8      0x36b binaries/intr.o
                0x00000000001114e8                disable
                0x00000000001114f1                restore
                0x00000000001114ff                enable
                0x0000000000111501                pause
                0x0000000000111508                halt
                0x000000000011150e                spurious_irq7
                0x0000000000111513                spurious_irq15
                0x0000000000111522                _Xint0
                0x000000000011152d                _Xint1
                0x0000000000111538                _Xint2
                0x0000000000111543                _Xint3
                0x000000000011154e                _Xint4
                0x0000000000111559                _Xint5
                0x0000000000111564                _Xint6
                0x000000000011156f                _Xint7
                0x000000000011157a                _Xint8
                0x0000000000111585                _Xint9
                0x0000000000111590                _Xint10
                0x000000000011159b                _Xint11
                0x00000000001115a9                _Xint12
                0x00000000001115b7                _Xint13
                0x00000000001115c5                _Xint14
                0x00000000001115d3                _Xint15
                0x00000000001115e1                _Xint16
                0x00000000001115ef                _Xint17
                0x00000000001115fd                _Xint18
                0x000000000011160b                _Xint19
                0x0000000000111619                _Xint20
                0x0000000000111627                _Xint21
                0x0000000000111635                _Xint22
                0x0000000000111643                _Xint23
                0x0000000000111651                _Xint24
                0x000000000011165f                _Xint25
                0x000000000011166d                _Xint26
                0x000000000011167b                _Xint27
                0x0000000000111689                _Xint28
                0x0000000000111697                _Xint29
                0x00000000001116a5                _Xint30
                0x00000000001116b3                _Xint31
                0x00000000001116c1                _Xint32
                0x00000000001116cf                _Xint33
                0x00000000001116dd                _Xint34
                0x00000000001116eb                _Xint35
                0x00000000001116f9                _Xint36
                0x0000000000111707                _Xint37
                0x0000000000111715                _Xint38
                0x0000000000111723                _Xint39
                0x0000000000111731                _Xint40
                0x000000000011173f                _Xint41
                0x000000000011174d                _Xint42
                0x000000000011175b                _Xint43
                0x0000000000111769                _Xint44
                0x0000000000111777                _Xint45
                0x0000000000111785                _Xint46
                0x0000000000111793                defevec
 .text          0x0000000000111853        0xa binaries/host2netla.o
                0x0000000000111853                host2netla
 .text          0x000000000011185d        0xf binaries/ttydispatch.o
                0x000000000011185d                ttydispatch
 .text          0x000000000011186c       0x13 binaries/ethdispatch.o
                0x000000000011186c                ethdispatch
 *(.rodata .rodata.*)
 .rodata.str1.1
                0x000000000011187f       0x54 binaries/ascdate.o
 *fill*         0x00000000001118d3        0x1 
 .rodata.str1.4
                0x00000000001118d4       0x22 binaries/ascdate.o
 .rodata.str1.1
                0x00000000001118f6       0x5f binaries/conf.o
 *fill*         0x0000000000111955        0x3 
 .rodata.str1.4
                0x0000000000111958       0x4f binaries/early_imr.o
 *fill*         0x00000000001119a7        0x1 
 .rodata        0x00000000001119a8       0x33 binaries/early_imr.o
 .rodata.str1.1
                0x00000000001119db      0x20c binaries/evec.o
 *fill*         0x0000000000111be7        0x1 
 .rodata.str1.4
                0x0000000000111be8       0x23 binaries/evec.o
 .rodata.str1.1
                0x0000000000111c0b        0xb binaries/getutime.o
 *fill*         0x0000000000111c16        0x2 
 .rodata.str1.4
                0x0000000000111c18       0x54 binaries/getutime.o
 .rodata.str1.1
                0x0000000000111c6c       0x63 binaries/initialize.o
                                         0x67 (size before relaxing)
 *fill*         0x0000000000111ccf        0x1 
 .rodata.str1.4
                0x0000000000111cd0       0xd0 binaries/initialize.o
 .rodata        0x0000000000111da0       0x20 binaries/kill.o
 .rodata.str1.4
                0x0000000000111dc0      0x14e binaries/main.o
 .rodata.str1.1
                0x0000000000111f0e       0x6e binaries/main.o
                                         0x71 (size before relaxing)
 .rodata.str1.4
                0x0000000000111f7c       0x23 binaries/meminit.o
 .rodata.str1.1
                0x0000000000111f9f       0x1b binaries/meminit.o
 .rodata.str1.1
                0x0000000000111fba        0xf binaries/panic.o
 .rodata.str1.1
                0x0000000000111fc9       0x1c binaries/ptinit.o
 *fill*         0x0000000000111fe5        0x3 
 .rodata.str1.4
                0x0000000000111fe8       0x25 binaries/ptsend.o
 .rodata.str1.1
                0x000000000011200d       0x22 binaries/quark_pdat.o
 *fill*         0x000000000011202f        0x1 
 .rodata.str1.4
                0x0000000000112030       0x63 binaries/stacktrace.o
 .rodata.str1.1
                0x0000000000112093       0x52 binaries/stacktrace.o
 *fill*         0x00000000001120e5        0x3 
 .rodata.str1.4
                0x00000000001120e8       0x27 binaries/xdone.o
 .rodata.str1.1
                0x000000000011210f       0x1d binaries/app1.o
 .rodata.str1.1
                0x000000000011212c       0x50 binaries/app2.o
 .rodata.str1.1
                0x000000000011217c       0x2f binaries/app3.o
 *fill*         0x00000000001121ab        0x1 
 .rodata.str1.4
                0x00000000001121ac       0x2b binaries/app3.o
 *fill*         0x00000000001121d7        0x1 
 .rodata.str1.4
                0x00000000001121d8       0x65 binaries/mywelcomemsg.o
 .rodata.str1.1
                0x000000000011223d       0x7e binaries/prntsegaddr.o
                                         0x80 (size before relaxing)
 *fill*         0x00000000001122bb        0x1 
 .rodata.str1.4
                0x00000000001122bc       0xab binaries/stackdepth.o
 .rodata.str1.1
                0x0000000000112367       0x3b binaries/stacktop.o
 .rodata.str1.1
                0x00000000001123a2       0x47 binaries/myappA.o
 *fill*         0x00000000001123e9        0x3 
 .rodata.str1.4
                0x00000000001123ec       0x47 binaries/myappA.o
 .rodata.str1.1
                0x0000000000112433       0x36 binaries/myhacker.o
 *fill*         0x0000000000112469        0x3 
 .rodata.str1.4
                0x000000000011246c       0x2d binaries/myhacker.o
 .rodata.str1.1
                0x0000000000112499       0x4e binaries/myvictim.o
 *fill*         0x00000000001124e7        0x1 
 .rodata.str1.4
                0x00000000001124e8       0x45 binaries/myvictim.o
 *fill*         0x000000000011252d        0x3 
 .rodata.str1.4
                0x0000000000112530       0x8a binaries/myhackermalware.o
 *fill*         0x00000000001125ba        0x6 
 .rodata        0x00000000001125c0       0x81 binaries/ctype_.o
                0x00000000001125c0                _ctype_
 .rodata.str1.1
                0x0000000000112641       0x29 binaries/doprnt.o
 *fill*         0x000000000011266a        0x2 
 .rodata        0x000000000011266c       0xc4 binaries/doprnt.o
 .rodata        0x0000000000112730       0x98 binaries/doscan.o
 .rodata.str1.1
                0x00000000001127c8       0x29 binaries/fdoprnt.o
 .rodata        0x00000000001127c8       0x84 binaries/fdoprnt.o
 .rodata        0x000000000011284c       0x20 binaries/ttycontrol.o
 .rodata.str1.4
                0x000000000011286c       0x4c binaries/naminit.o
 .rodata.str1.1
                0x00000000001128b8       0x32 binaries/naminit.o
                                         0x35 (size before relaxing)
 .rodata.str1.1
                0x00000000001128ea       0x15 binaries/ethinit.o
 *fill*         0x00000000001128ff        0x1 
 .rodata.str1.4
                0x0000000000112900       0x2e binaries/ethinit.o
 *fill*         0x000000000011292e        0x2 
 .rodata.str1.4
                0x0000000000112930       0x2c binaries/rdsbufalloc.o
 .rodata.str1.4
                0x000000000011295c       0x76 binaries/rdscomm.o
 *fill*         0x00000000001129d2        0x2 
 .rodata.str1.4
                0x00000000001129d4       0x48 binaries/rdscontrol.o
 .rodata.str1.4
                0x0000000000112a1c       0x7e binaries/rdsinit.o
 .rodata.str1.1
                0x0000000000112a9a       0x18 binaries/rdsinit.o
 *fill*         0x0000000000112ab2        0x2 
 .rodata.str1.4
                0x0000000000112ab4       0x22 binaries/rdsopen.o
 *fill*         0x0000000000112ad6        0x2 
 .rodata.str1.4
                0x0000000000112ad8       0x4d binaries/rdsprocess.o
 .rodata.str1.1
                0x0000000000112b25        0x9 binaries/raminit.o
 .rodata.str1.1
                0x0000000000112b2e       0x13 binaries/lfdballoc.o
 *fill*         0x0000000000112b41        0x3 
 .rodata.str1.4
                0x0000000000112b44       0x23 binaries/lfdballoc.o
 .rodata.str1.1
                0x0000000000112b67       0x14 binaries/lfiballoc.o
 *fill*         0x0000000000112b7b        0x1 
 .rodata.str1.4
                0x0000000000112b7c       0x23 binaries/lflcontrol.o
 .rodata.str1.1
                0x0000000000112b9f       0x64 binaries/lfsckfmt.o
 *fill*         0x0000000000112c03        0x1 
 .rodata.str1.4
                0x0000000000112c04       0x51 binaries/lfsckfmt.o
 *fill*         0x0000000000112c55        0x3 
 .rodata.str1.4
                0x0000000000112c58       0x21 binaries/rflread.o
 .rodata.str1.4
                0x0000000000112c79       0x21 binaries/rflwrite.o
 *fill*         0x0000000000112c79        0x3 
 .rodata.str1.4
                0x0000000000112c7c       0x75 binaries/rfscomm.o
 *fill*         0x0000000000112cf1        0x3 
 .rodata.str1.4
                0x0000000000112cf4       0x23 binaries/rfscontrol.o
 *fill*         0x0000000000112d17        0x1 
 .rodata        0x0000000000112d18       0x18 binaries/rfscontrol.o
 .rodata.str1.1
                0x0000000000112d30       0x10 binaries/rfsinit.o
 .rodata.str1.4
                0x0000000000112d30       0x57 binaries/rfsinit.o
 *fill*         0x0000000000112d87        0x1 
 .rodata.str1.4
                0x0000000000112d88       0x2a binaries/rfsndmsg.o
 .rodata.str1.4
                0x0000000000112db2       0x22 binaries/rfsopen.o
 .rodata.str1.1
                0x0000000000112db2       0x19 binaries/arp.o
 *fill*         0x0000000000112dcb        0x1 
 .rodata.str1.4
                0x0000000000112dcc       0x21 binaries/arp.o
 *fill*         0x0000000000112ded        0x3 
 .rodata.str1.4
                0x0000000000112df0       0xa6 binaries/dhcp.o
 .rodata.str1.1
                0x0000000000112e96       0x4a binaries/dhcp.o
 .rodata.str1.1
                0x0000000000112ee0       0x5a binaries/hexdump.o
                                         0x61 (size before relaxing)
 *fill*         0x0000000000112f3a        0x2 
 .rodata.str1.4
                0x0000000000112f3c       0x67 binaries/hexdump.o
 *fill*         0x0000000000112fa3        0x1 
 .rodata.str1.4
                0x0000000000112fa4       0x29 binaries/icmp.o
 .rodata.str1.1
                0x0000000000112fcd       0x4e binaries/ip.o
 *fill*         0x000000000011301b        0x1 
 .rodata.str1.4
                0x000000000011301c       0x20 binaries/ip.o
 .rodata.str1.4
                0x000000000011303c       0x28 binaries/net.o
 .rodata.str1.1
                0x0000000000113064       0x27 binaries/net.o
 *fill*         0x000000000011308b        0x1 
 .rodata.str1.4
                0x000000000011308c       0xcf binaries/netstart.o
 .rodata.str1.1
                0x000000000011315b      0x141 binaries/pdump.o
                                        0x14b (size before relaxing)
 .rodata.str1.4
                0x000000000011329c      0x126 binaries/pdump.o
 *fill*         0x00000000001133c2        0x2 
 .rodata.str1.4
                0x00000000001133c4      0x148 binaries/tftp.o
 .rodata.str1.1
                0x000000000011350c        0x6 binaries/tftp.o
                                          0xa (size before relaxing)
 .rodata.str1.1
                0x0000000000113512       0xe3 binaries/shell.o
                                         0xff (size before relaxing)
 *fill*         0x00000000001135f5        0x3 
 .rodata.str1.4
                0x00000000001135f8      0x1c4 binaries/shell.o
 *fill*         0x00000000001137bc        0x4 
 .rodata        0x00000000001137c0       0xfc binaries/shell.o
                0x00000000001137c0                cmdtab
 .rodata.str1.1
                0x00000000001138bc       0x26 binaries/xsh_argecho.o
                                         0x28 (size before relaxing)
 .rodata.str1.1
                0x00000000001138e2       0x70 binaries/xsh_arp.o
                                         0x72 (size before relaxing)
 *fill*         0x0000000000113952        0x2 
 .rodata.str1.4
                0x0000000000113954       0xb4 binaries/xsh_arp.o
 .rodata.str1.1
                0x0000000000113a08       0x2d binaries/xsh_cat.o
                                         0x4f (size before relaxing)
 *fill*         0x0000000000113a35        0x3 
 .rodata.str1.4
                0x0000000000113a38       0x52 binaries/xsh_cat.o
                                         0x79 (size before relaxing)
 .rodata.str1.1
                0x0000000000113a8a       0x15 binaries/xsh_clear.o
 .rodata.str1.1
                0x0000000000113a9f       0x46 binaries/xsh_date.o
                                         0x5f (size before relaxing)
 *fill*         0x0000000000113ae5        0x3 
 .rodata.str1.4
                0x0000000000113ae8      0x163 binaries/xsh_date.o
 .rodata.str1.1
                0x0000000000113c4b       0x5d binaries/xsh_devdump.o
 .rodata.str1.1
                0x0000000000113ca8        0x4 binaries/xsh_echo.o
                                          0x9 (size before relaxing)
 .rodata.str1.1
                0x0000000000113cac       0x65 binaries/xsh_help.o
                                         0xa3 (size before relaxing)
 *fill*         0x0000000000113d11        0x3 
 .rodata.str1.4
                0x0000000000113d14       0x7c binaries/xsh_help.o
                                         0xc6 (size before relaxing)
 .rodata.str1.1
                0x0000000000113d90       0x9c binaries/xsh_ipaddr.o
                                         0xf8 (size before relaxing)
 .rodata.str1.4
                0x0000000000113e2c       0x4d binaries/xsh_ipaddr.o
                                         0x99 (size before relaxing)
 .rodata.str1.1
                0x0000000000113e79       0x78 binaries/xsh_kill.o
                                         0x97 (size before relaxing)
 *fill*         0x0000000000113ef1        0x3 
 .rodata.str1.4
                0x0000000000113ef4       0x4a binaries/xsh_kill.o
                                         0x96 (size before relaxing)
 .rodata.str1.1
                0x0000000000113f3e       0x84 binaries/xsh_memdump.o
                                         0xa8 (size before relaxing)
 *fill*         0x0000000000113fc2        0x2 
 .rodata.str1.4
                0x0000000000113fc4      0x15a binaries/xsh_memdump.o
                                        0x1aa (size before relaxing)
 .rodata.str1.1
                0x000000000011411e       0x40 binaries/xsh_memstat.o
                                         0x79 (size before relaxing)
 *fill*         0x000000000011415e        0x2 
 .rodata.str1.4
                0x0000000000114160      0x187 binaries/xsh_memstat.o
                                        0x1af (size before relaxing)
 .rodata.str1.1
                0x00000000001142e7       0x90 binaries/xsh_ping.o
                                         0xaf (size before relaxing)
 *fill*         0x0000000000114377        0x1 
 .rodata.str1.4
                0x0000000000114378       0x77 binaries/xsh_ping.o
                                         0xc6 (size before relaxing)
 .rodata.str1.1
                0x00000000001143ef       0x74 binaries/xsh_ps.o
                                         0xd5 (size before relaxing)
 *fill*         0x0000000000114463        0x1 
 .rodata.str1.4
                0x0000000000114464       0x80 binaries/xsh_ps.o
                                         0xd0 (size before relaxing)
 *fill*         0x00000000001144e4       0x1c 
 .rodata        0x0000000000114500       0x20 binaries/xsh_ps.o
 .rodata.str1.1
                0x0000000000114520       0x31 binaries/xsh_sleep.o
                                         0x72 (size before relaxing)
 *fill*         0x0000000000114551        0x3 
 .rodata.str1.4
                0x0000000000114554       0x2a binaries/xsh_sleep.o
                                         0x7a (size before relaxing)
 .rodata.str1.1
                0x000000000011457e       0x6b binaries/xsh_udpdump.o
                                         0xd2 (size before relaxing)
 *fill*         0x00000000001145e9        0x3 
 .rodata.str1.4
                0x00000000001145ec       0x94 binaries/xsh_udpdump.o
                                         0xe4 (size before relaxing)
 .rodata.str1.1
                0x0000000000114680       0xdb binaries/xsh_udpecho.o
                                         0xfa (size before relaxing)
 *fill*         0x000000000011475b        0x1 
 .rodata.str1.4
                0x000000000011475c       0xc7 binaries/xsh_udpecho.o
                                        0x116 (size before relaxing)
 .rodata.str1.1
                0x0000000000114823       0x66 binaries/xsh_udpeserver.o
                                         0x8f (size before relaxing)
 *fill*         0x0000000000114889        0x3 
 .rodata.str1.4
                0x000000000011488c       0x29 binaries/xsh_udpeserver.o
                                         0x9f (size before relaxing)
 .rodata.str1.1
                0x00000000001148b5       0x49 binaries/xsh_uptime.o
                                         0x8c (size before relaxing)
 *fill*         0x00000000001148fe        0x2 
 .rodata.str1.4
                0x0000000000114900       0x28 binaries/xsh_uptime.o
                                         0x76 (size before relaxing)
                0x0000000000114928                etext = ABSOLUTE (.)
                0x0000000000115000                . = ALIGN (0x1000)
 *fill*         0x0000000000114928      0x6d8 

.eh_frame       0x0000000000115000     0x3210
 .eh_frame      0x0000000000115000       0x48 binaries/ascdate.o
 .eh_frame      0x0000000000115048       0x20 binaries/bufinit.o
                                         0x38 (size before relaxing)
 .eh_frame      0x0000000000115068       0x2c binaries/chprio.o
                                         0x44 (size before relaxing)
 .eh_frame      0x0000000000115094       0x20 binaries/clkhandler.o
                                         0x38 (size before relaxing)
 .eh_frame      0x00000000001150b4       0x20 binaries/clkinit.o
                                         0x38 (size before relaxing)
 .eh_frame      0x00000000001150d4       0x28 binaries/close.o
                                         0x40 (size before relaxing)
 .eh_frame      0x00000000001150fc       0x28 binaries/control.o
                                         0x40 (size before relaxing)
 .eh_frame      0x0000000000115124       0x30 binaries/create.o
                                         0x48 (size before relaxing)
 .eh_frame      0x0000000000115154       0x94 binaries/early_imr.o
                                         0xac (size before relaxing)
 .eh_frame      0x00000000001151e8       0x94 binaries/evec.o
                                         0xac (size before relaxing)
 .eh_frame      0x000000000011527c       0x2c binaries/freebuf.o
                                         0x44 (size before relaxing)
 .eh_frame      0x00000000001152a8       0x2c binaries/freemem.o
                                         0x44 (size before relaxing)
 .eh_frame      0x00000000001152d4       0x2c binaries/getbuf.o
                                         0x44 (size before relaxing)
 .eh_frame      0x0000000000115300       0x28 binaries/getc.o
                                         0x40 (size before relaxing)
 .eh_frame      0x0000000000115328       0x2c binaries/getdev.o
                                         0x44 (size before relaxing)
 .eh_frame      0x0000000000115354       0x64 binaries/getitem.o
                                         0x7c (size before relaxing)
 .eh_frame      0x00000000001153b8       0x28 binaries/getmem.o
                                         0x40 (size before relaxing)
 .eh_frame      0x00000000001153e0       0x20 binaries/getpid.o
                                         0x38 (size before relaxing)
 .eh_frame      0x0000000000115400       0x24 binaries/getprio.o
                                         0x3c (size before relaxing)
 .eh_frame      0x0000000000115424       0x2c binaries/getstk.o
                                         0x44 (size before relaxing)
 .eh_frame      0x0000000000115450       0x20 binaries/gettime.o
                                         0x38 (size before relaxing)
 .eh_frame      0x0000000000115470       0x24 binaries/getutime.o
                                         0x3c (size before relaxing)
 .eh_frame      0x0000000000115494       0x28 binaries/init.o
                                         0x40 (size before relaxing)
 .eh_frame      0x00000000001154bc       0x5c binaries/initialize.o
                                         0x74 (size before relaxing)
 .eh_frame      0x0000000000115518       0x28 binaries/insert.o
                                         0x40 (size before relaxing)
 .eh_frame      0x0000000000115540       0x2c binaries/insertd.o
                                         0x44 (size before relaxing)
 .eh_frame      0x000000000011556c       0x20 binaries/ioerr.o
                                         0x38 (size before relaxing)
 .eh_frame      0x000000000011558c       0x20 binaries/ionull.o
                                         0x38 (size before relaxing)
 .eh_frame      0x00000000001155ac       0x30 binaries/kill.o
                                         0x48 (size before relaxing)
 .eh_frame      0x00000000001155dc       0x80 binaries/kprintf.o
                                         0x98 (size before relaxing)
 .eh_frame      0x000000000011565c       0x30 binaries/main.o
                                         0x48 (size before relaxing)
 .eh_frame      0x000000000011568c       0x44 binaries/mark.o
                                         0x5c (size before relaxing)
 .eh_frame      0x00000000001156d0       0x50 binaries/meminit.o
                                         0x68 (size before relaxing)
 .eh_frame      0x0000000000115720       0x30 binaries/mkbufpool.o
                                         0x48 (size before relaxing)
 .eh_frame      0x0000000000115750       0x20 binaries/newqueue.o
                                         0x38 (size before relaxing)
 .eh_frame      0x0000000000115770       0x28 binaries/open.o
                                         0x40 (size before relaxing)
 .eh_frame      0x0000000000115798       0x1c binaries/panic.o
                                         0x34 (size before relaxing)
 .eh_frame      0x00000000001157b4      0x12c binaries/pci.o
                                        0x144 (size before relaxing)
 .eh_frame      0x00000000001158e0       0x20 binaries/platinit.o
                                         0x38 (size before relaxing)
 .eh_frame      0x0000000000115900       0x2c binaries/ptclear.o
                                         0x44 (size before relaxing)
 .eh_frame      0x000000000011592c       0x2c binaries/ptcount.o
                                         0x44 (size before relaxing)
 .eh_frame      0x0000000000115958       0x2c binaries/ptcreate.o
                                         0x44 (size before relaxing)
 .eh_frame      0x0000000000115984       0x28 binaries/ptdelete.o
                                         0x40 (size before relaxing)
 .eh_frame      0x00000000001159ac       0x28 binaries/ptinit.o
                                         0x40 (size before relaxing)
 .eh_frame      0x00000000001159d4       0x2c binaries/ptrecv.o
                                         0x44 (size before relaxing)
 .eh_frame      0x0000000000115a00       0x28 binaries/ptreset.o
                                         0x40 (size before relaxing)
 .eh_frame      0x0000000000115a28       0x30 binaries/ptsend.o
                                         0x48 (size before relaxing)
 .eh_frame      0x0000000000115a58       0x2c binaries/putc.o
                                         0x44 (size before relaxing)
 .eh_frame      0x0000000000115a84       0x24 binaries/quark_irq.o
                                         0x3c (size before relaxing)
 .eh_frame      0x0000000000115aa8       0x54 binaries/quark_pdat.o
                                         0x6c (size before relaxing)
 .eh_frame      0x0000000000115afc       0x44 binaries/queue.o
                                         0x5c (size before relaxing)
 .eh_frame      0x0000000000115b40       0x28 binaries/read.o
                                         0x40 (size before relaxing)
 .eh_frame      0x0000000000115b68       0x20 binaries/ready.o
                                         0x38 (size before relaxing)
 .eh_frame      0x0000000000115b88       0x2c binaries/receive.o
                                         0x44 (size before relaxing)
 .eh_frame      0x0000000000115bb4       0x24 binaries/recvclr.o
                                         0x3c (size before relaxing)
 .eh_frame      0x0000000000115bd8       0x2c binaries/recvtime.o
                                         0x44 (size before relaxing)
 .eh_frame      0x0000000000115c04       0x48 binaries/resched.o
                                         0x60 (size before relaxing)
 .eh_frame      0x0000000000115c4c       0x2c binaries/resume.o
                                         0x44 (size before relaxing)
 .eh_frame      0x0000000000115c78       0x28 binaries/seek.o
                                         0x40 (size before relaxing)
 .eh_frame      0x0000000000115ca0       0x24 binaries/semcount.o
                                         0x3c (size before relaxing)
 .eh_frame      0x0000000000115cc4       0x2c binaries/semcreate.o
                                         0x44 (size before relaxing)
 .eh_frame      0x0000000000115cf0       0x2c binaries/semdelete.o
                                         0x44 (size before relaxing)
 .eh_frame      0x0000000000115d1c       0x2c binaries/semreset.o
                                         0x44 (size before relaxing)
 .eh_frame      0x0000000000115d48       0x28 binaries/send.o
                                         0x40 (size before relaxing)
 .eh_frame      0x0000000000115d70       0x28 binaries/signal.o
                                         0x40 (size before relaxing)
 .eh_frame      0x0000000000115d98       0x2c binaries/signaln.o
                                         0x44 (size before relaxing)
 .eh_frame      0x0000000000115dc4       0x48 binaries/sleep.o
                                         0x60 (size before relaxing)
 .eh_frame      0x0000000000115e0c       0x30 binaries/stacktrace.o
                                         0x48 (size before relaxing)
 .eh_frame      0x0000000000115e3c       0x28 binaries/suspend.o
                                         0x40 (size before relaxing)
 .eh_frame      0x0000000000115e64       0x28 binaries/unsleep.o
                                         0x40 (size before relaxing)
 .eh_frame      0x0000000000115e8c       0x20 binaries/userret.o
                                         0x38 (size before relaxing)
 .eh_frame      0x0000000000115eac       0x28 binaries/wait.o
                                         0x40 (size before relaxing)
 .eh_frame      0x0000000000115ed4       0x20 binaries/wakeup.o
                                         0x38 (size before relaxing)
 .eh_frame      0x0000000000115ef4       0x28 binaries/write.o
                                         0x40 (size before relaxing)
 .eh_frame      0x0000000000115f1c       0x20 binaries/xdone.o
                                         0x38 (size before relaxing)
 .eh_frame      0x0000000000115f3c       0x24 binaries/yield.o
                                         0x3c (size before relaxing)
 .eh_frame      0x0000000000115f60       0x20 binaries/app1.o
                                         0x38 (size before relaxing)
 .eh_frame      0x0000000000115f80       0x24 binaries/app2.o
                                         0x3c (size before relaxing)
 .eh_frame      0x0000000000115fa4       0x28 binaries/app3.o
                                         0x40 (size before relaxing)
 .eh_frame      0x0000000000115fcc       0x24 binaries/getppid.o
                                         0x3c (size before relaxing)
 .eh_frame      0x0000000000115ff0       0x24 binaries/getpstate.o
                                         0x3c (size before relaxing)
 .eh_frame      0x0000000000116014       0x20 binaries/mywelcomemsg.o
                                         0x38 (size before relaxing)
 .eh_frame      0x0000000000116034       0x20 binaries/host2netlb.o
                                         0x38 (size before relaxing)
 .eh_frame      0x0000000000116054       0x20 binaries/host2netlc.o
                                         0x38 (size before relaxing)
 .eh_frame      0x0000000000116074       0x68 binaries/prntsegaddr.o
                                         0x80 (size before relaxing)
 .eh_frame      0x00000000001160dc       0x2c binaries/stackdepth.o
                                         0x44 (size before relaxing)
 .eh_frame      0x0000000000116108       0x24 binaries/stacktop.o
                                         0x3c (size before relaxing)
 .eh_frame      0x000000000011612c       0x48 binaries/myappA.o
                                         0x60 (size before relaxing)
 .eh_frame      0x0000000000116174       0x24 binaries/myhacker.o
                                         0x3c (size before relaxing)
 .eh_frame      0x0000000000116198       0x40 binaries/myvictim.o
                                         0x58 (size before relaxing)
 .eh_frame      0x00000000001161d8       0x20 binaries/myhackermalware.o
                                         0x38 (size before relaxing)
 .eh_frame      0x00000000001161f8       0x20 binaries/abs.o
                                         0x38 (size before relaxing)
 .eh_frame      0x0000000000116218       0x28 binaries/atoi.o
                                         0x40 (size before relaxing)
 .eh_frame      0x0000000000116240       0x28 binaries/atol.o
                                         0x40 (size before relaxing)
 .eh_frame      0x0000000000116268       0x20 binaries/bzero.o
                                         0x38 (size before relaxing)
 .eh_frame      0x0000000000116288       0xac binaries/doprnt.o
                                         0xc4 (size before relaxing)
 .eh_frame      0x0000000000116334       0x30 binaries/doscan.o
                                         0x48 (size before relaxing)
 .eh_frame      0x0000000000116364       0x5c binaries/fdoprnt.o
                                         0x74 (size before relaxing)
 .eh_frame      0x00000000001163c0       0x20 binaries/fgetc.o
                                         0x38 (size before relaxing)
 .eh_frame      0x00000000001163e0       0x2c binaries/fgets.o
                                         0x44 (size before relaxing)
 .eh_frame      0x000000000011640c       0x20 binaries/fprintf.o
                                         0x38 (size before relaxing)
 .eh_frame      0x000000000011642c       0x20 binaries/fputc.o
                                         0x38 (size before relaxing)
 .eh_frame      0x000000000011644c       0x28 binaries/fputs.o
                                         0x40 (size before relaxing)
 .eh_frame      0x0000000000116474       0x64 binaries/fscanf.o
                                         0x7c (size before relaxing)
 .eh_frame      0x00000000001164d8       0x20 binaries/getchar.o
                                         0x38 (size before relaxing)
 .eh_frame      0x00000000001164f8       0x20 binaries/labs.o
                                         0x38 (size before relaxing)
 .eh_frame      0x0000000000116518       0x20 binaries/memchr.o
                                         0x38 (size before relaxing)
 .eh_frame      0x0000000000116538       0x28 binaries/memcmp.o
                                         0x40 (size before relaxing)
 .eh_frame      0x0000000000116560       0x28 binaries/memcpy.o
                                         0x40 (size before relaxing)
 .eh_frame      0x0000000000116588       0x24 binaries/memset.o
                                         0x3c (size before relaxing)
 .eh_frame      0x00000000001165ac       0x20 binaries/printf.o
                                         0x38 (size before relaxing)
 .eh_frame      0x00000000001165cc       0x20 binaries/putchar.o
                                         0x38 (size before relaxing)
 .eh_frame      0x00000000001165ec       0xa4 binaries/qsort.o
                                         0xbc (size before relaxing)
 .eh_frame      0x0000000000116690       0x40 binaries/rand.o
                                         0x58 (size before relaxing)
 .eh_frame      0x00000000001166d0       0x48 binaries/sprintf.o
                                         0x60 (size before relaxing)
 .eh_frame      0x0000000000116718       0x60 binaries/sscanf.o
                                         0x78 (size before relaxing)
 .eh_frame      0x0000000000116778       0x24 binaries/strchr.o
                                         0x3c (size before relaxing)
 .eh_frame      0x000000000011679c       0x24 binaries/strcmp.o
                                         0x3c (size before relaxing)
 .eh_frame      0x00000000001167c0       0x20 binaries/strcpy.o
                                         0x38 (size before relaxing)
 .eh_frame      0x00000000001167e0       0x20 binaries/strlen.o
                                         0x38 (size before relaxing)
 .eh_frame      0x0000000000116800       0x2c binaries/strncat.o
                                         0x44 (size before relaxing)
 .eh_frame      0x000000000011682c       0x24 binaries/strncmp.o
                                         0x3c (size before relaxing)
 .eh_frame      0x0000000000116850       0x2c binaries/strncpy.o
                                         0x44 (size before relaxing)
 .eh_frame      0x000000000011687c       0x24 binaries/strnlen.o
                                         0x3c (size before relaxing)
 .eh_frame      0x00000000001168a0       0x24 binaries/strrchr.o
                                         0x3c (size before relaxing)
 .eh_frame      0x00000000001168c4       0x2c binaries/strstr.o
                                         0x44 (size before relaxing)
 .eh_frame      0x00000000001168f0       0x30 binaries/ttycontrol.o
                                         0x48 (size before relaxing)
 .eh_frame      0x0000000000116920       0x2c binaries/ttygetc.o
                                         0x44 (size before relaxing)
 .eh_frame      0x000000000011694c       0x84 binaries/ttyhandle_in.o
                                         0x9c (size before relaxing)
 .eh_frame      0x00000000001169d0       0x30 binaries/ttyhandle_out.o
                                         0x48 (size before relaxing)
 .eh_frame      0x0000000000116a00       0x28 binaries/ttyhandler.o
                                         0x40 (size before relaxing)
 .eh_frame      0x0000000000116a28       0x30 binaries/ttyinit.o
                                         0x48 (size before relaxing)
 .eh_frame      0x0000000000116a58       0x20 binaries/ttykickout.o
                                         0x38 (size before relaxing)
 .eh_frame      0x0000000000116a78       0x2c binaries/ttyputc.o
                                         0x44 (size before relaxing)
 .eh_frame      0x0000000000116aa4       0x2c binaries/ttyread.o
                                         0x44 (size before relaxing)
 .eh_frame      0x0000000000116ad0       0x2c binaries/ttywrite.o
                                         0x44 (size before relaxing)
 .eh_frame      0x0000000000116afc       0x4c binaries/mount.o
                                         0x64 (size before relaxing)
 .eh_frame      0x0000000000116b48       0x30 binaries/naminit.o
                                         0x48 (size before relaxing)
 .eh_frame      0x0000000000116b78       0x84 binaries/nammap.o
                                         0x9c (size before relaxing)
 .eh_frame      0x0000000000116bfc       0x20 binaries/namopen.o
                                         0x38 (size before relaxing)
 .eh_frame      0x0000000000116c1c       0x2c binaries/colon2mac.o
                                         0x44 (size before relaxing)
 .eh_frame      0x0000000000116c48       0x20 binaries/ethcontrol.o
                                         0x38 (size before relaxing)
 .eh_frame      0x0000000000116c68       0x30 binaries/ethhandler.o
                                         0x48 (size before relaxing)
 .eh_frame      0x0000000000116c98       0x98 binaries/ethinit.o
                                         0xb0 (size before relaxing)
 .eh_frame      0x0000000000116d30       0x54 binaries/ethmcast.o
                                         0x6c (size before relaxing)
 .eh_frame      0x0000000000116d84       0x30 binaries/ethread.o
                                         0x48 (size before relaxing)
 .eh_frame      0x0000000000116db4       0x2c binaries/ethwrite.o
                                         0x44 (size before relaxing)
 .eh_frame      0x0000000000116de0       0x24 binaries/rdsbufalloc.o
                                         0x3c (size before relaxing)
 .eh_frame      0x0000000000116e04       0x2c binaries/rdsclose.o
                                         0x44 (size before relaxing)
 .eh_frame      0x0000000000116e30       0x30 binaries/rdscomm.o
                                         0x48 (size before relaxing)
 .eh_frame      0x0000000000116e60       0x30 binaries/rdscontrol.o
                                         0x48 (size before relaxing)
 .eh_frame      0x0000000000116e90       0x30 binaries/rdsinit.o
                                         0x48 (size before relaxing)
 .eh_frame      0x0000000000116ec0       0x30 binaries/rdsopen.o
                                         0x48 (size before relaxing)
 .eh_frame      0x0000000000116ef0       0x20 binaries/rdsprocess.o
                                         0x38 (size before relaxing)
 .eh_frame      0x0000000000116f10       0x30 binaries/rdsread.o
                                         0x48 (size before relaxing)
 .eh_frame      0x0000000000116f40       0x30 binaries/rdswrite.o
                                         0x48 (size before relaxing)
 .eh_frame      0x0000000000116f70       0x20 binaries/ramclose.o
                                         0x38 (size before relaxing)
 .eh_frame      0x0000000000116f90       0x20 binaries/raminit.o
                                         0x38 (size before relaxing)
 .eh_frame      0x0000000000116fb0       0x20 binaries/ramopen.o
                                         0x38 (size before relaxing)
 .eh_frame      0x0000000000116fd0       0x20 binaries/ramread.o
                                         0x38 (size before relaxing)
 .eh_frame      0x0000000000116ff0       0x20 binaries/ramwrite.o
                                         0x38 (size before relaxing)
 .eh_frame      0x0000000000117010       0x28 binaries/lfdballoc.o
                                         0x40 (size before relaxing)
 .eh_frame      0x0000000000117038       0x24 binaries/lfdbfree.o
                                         0x3c (size before relaxing)
 .eh_frame      0x000000000011705c       0x24 binaries/lfflush.o
                                         0x3c (size before relaxing)
 .eh_frame      0x0000000000117080       0x20 binaries/lfgetmode.o
                                         0x38 (size before relaxing)
 .eh_frame      0x00000000001170a0       0x24 binaries/lfiballoc.o
                                         0x3c (size before relaxing)
 .eh_frame      0x00000000001170c4       0x20 binaries/lfibclear.o
                                         0x38 (size before relaxing)
 .eh_frame      0x00000000001170e4       0x2c binaries/lfibget.o
                                         0x44 (size before relaxing)
 .eh_frame      0x0000000000117110       0x2c binaries/lfibput.o
                                         0x44 (size before relaxing)
 .eh_frame      0x000000000011713c       0x28 binaries/lflclose.o
                                         0x40 (size before relaxing)
 .eh_frame      0x0000000000117164       0x2c binaries/lflcontrol.o
                                         0x44 (size before relaxing)
 .eh_frame      0x0000000000117190       0x2c binaries/lflgetc.o
                                         0x44 (size before relaxing)
 .eh_frame      0x00000000001171bc       0x2c binaries/lflinit.o
                                         0x44 (size before relaxing)
 .eh_frame      0x00000000001171e8       0x30 binaries/lflputc.o
                                         0x48 (size before relaxing)
[...]
 .comment       0x000000000000002a       0x2b binaries/xsh_exit.o
 .comment       0x000000000000002a       0x2b binaries/xsh_help.o
 .comment       0x000000000000002a       0x2b binaries/xsh_ipaddr.o
 .comment       0x000000000000002a       0x2b binaries/xsh_kill.o
 .comment       0x000000000000002a       0x2b binaries/xsh_memdump.o
 .comment       0x000000000000002a       0x2b binaries/xsh_memstat.o
 .comment       0x000000000000002a       0x2b binaries/xsh_ping.o
 .comment       0x000000000000002a       0x2b binaries/xsh_ps.o
 .comment       0x000000000000002a       0x2b binaries/xsh_sleep.o
 .comment       0x000000000000002a       0x2b binaries/xsh_udpdump.o
 .comment       0x000000000000002a       0x2b binaries/xsh_udpecho.o
 .comment       0x000000000000002a       0x2b binaries/xsh_udpeserver.o
 .comment       0x000000000000002a       0x2b binaries/xsh_uptime.o

.note.GNU-stack
                0x0000000000000000        0x0
 .note.GNU-stack
                0x0000000000000000        0x0 binaries/ascdate.o
 .note.GNU-stack
                0x0000000000000000        0x0 binaries/bufinit.o
 .note.GNU-stack
                0x0000000000000000        0x0 binaries/chprio.o
 .note.GNU-stack
                0x0000000000000000        0x0 binaries/clkhandler.o
 .note.GNU-stack
                0x0000000000000000        0x0 binaries/clkinit.o
 .note.GNU-stack
                0x0000000000000000        0x0 binaries/close.o
 .note.GNU-stack
                0x0000000000000000        0x0 binaries/conf.o
 .note.GNU-stack
                0x0000000000000000        0x0 binaries/control.o
 .note.GNU-stack
                0x0000000000000000        0x0 binaries/create.o
 .note.GNU-stack
                0x0000000000000000        0x0 binaries/early_imr.o
 .note.GNU-stack
                0x0000000000000000        0x0 binaries/evec.o
 .note.GNU-stack
                0x0000000000000000        0x0 binaries/freebuf.o
 .note.GNU-stack
                0x0000000000000000        0x0 binaries/freemem.o
 .note.GNU-stack
                0x0000000000000000        0x0 binaries/getbuf.o
 .note.GNU-stack
                0x0000000000000000        0x0 binaries/getc.o
 .note.GNU-stack
                0x0000000000000000        0x0 binaries/getdev.o
 .note.GNU-stack
                0x0000000000000000        0x0 binaries/getitem.o
 .note.GNU-stack
                0x0000000000000000        0x0 binaries/getmem.o
 .note.GNU-stack
                0x0000000000000000        0x0 binaries/getpid.o
 .note.GNU-stack
                0x0000000000000000        0x0 binaries/getprio.o
 .note.GNU-stack
                0x0000000000000000        0x0 binaries/getstk.o
 .note.GNU-stack
                0x0000000000000000        0x0 binaries/gettime.o
 .note.GNU-stack
                0x0000000000000000        0x0 binaries/getutime.o
 .note.GNU-stack
                0x0000000000000000        0x0 binaries/init.o
 .note.GNU-stack
                0x0000000000000000        0x0 binaries/initialize.o
 .note.GNU-stack
                0x0000000000000000        0x0 binaries/insert.o
 .note.GNU-stack
                0x0000000000000000        0x0 binaries/insertd.o
 .note.GNU-stack
                0x0000000000000000        0x0 binaries/ioerr.o
 .note.GNU-stack
                0x0000000000000000        0x0 binaries/ionull.o
 .note.GNU-stack
                0x0000000000000000        0x0 binaries/kill.o
 .note.GNU-stack
                0x0000000000000000        0x0 binaries/kprintf.o
 .note.GNU-stack
                0x0000000000000000        0x0 binaries/main.o
 .note.GNU-stack
                0x0000000000000000        0x0 binaries/mark.o
 .note.GNU-stack
                0x0000000000000000        0x0 binaries/meminit.o
 .note.GNU-stack
                0x0000000000000000        0x0 binaries/mkbufpool.o
 .note.GNU-stack
                0x0000000000000000        0x0 binaries/newqueue.o
 .note.GNU-stack
                0x0000000000000000        0x0 binaries/open.o
 .note.GNU-stack
                0x0000000000000000        0x0 binaries/panic.o
 .note.GNU-stack
                0x0000000000000000        0x0 binaries/pci.o
 .note.GNU-stack
                0x0000000000000000        0x0 binaries/platinit.o
 .note.GNU-stack
                0x0000000000000000        0x0 binaries/ptclear.o
 .note.GNU-stack
                0x0000000000000000        0x0 binaries/ptcount.o
 .note.GNU-stack
                0x0000000000000000        0x0 binaries/ptcreate.o
 .note.GNU-stack
                0x0000000000000000        0x0 binaries/ptdelete.o
 .note.GNU-stack
                0x0000000000000000        0x0 binaries/ptinit.o
 .note.GNU-stack
                0x0000000000000000        0x0 binaries/ptrecv.o
 .note.GNU-stack
                0x0000000000000000        0x0 binaries/ptreset.o
 .note.GNU-stack
                0x0000000000000000        0x0 binaries/ptsend.o
 .note.GNU-stack
                0x0000000000000000        0x0 binaries/putc.o
 .note.GNU-stack
                0x0000000000000000        0x0 binaries/quark_irq.o
 .note.GNU-stack
                0x0000000000000000        0x0 binaries/quark_pdat.o
 .note.GNU-stack
                0x0000000000000000        0x0 binaries/queue.o
 .note.GNU-stack
                0x0000000000000000        0x0 binaries/read.o
 .note.GNU-stack
                0x0000000000000000        0x0 binaries/ready.o
 .note.GNU-stack
                0x0000000000000000        0x0 binaries/receive.o
 .note.GNU-stack
                0x0000000000000000        0x0 binaries/recvclr.o
 .note.GNU-stack
                0x0000000000000000        0x0 binaries/recvtime.o
 .note.GNU-stack
                0x0000000000000000        0x0 binaries/resched.o
 .note.GNU-stack
                0x0000000000000000        0x0 binaries/resume.o
 .note.GNU-stack
                0x0000000000000000        0x0 binaries/seek.o
 .note.GNU-stack
                0x0000000000000000        0x0 binaries/semcount.o
 .note.GNU-stack
                0x0000000000000000        0x0 binaries/semcreate.o
 .note.GNU-stack
                0x0000000000000000        0x0 binaries/semdelete.o
 .note.GNU-stack
                0x0000000000000000        0x0 binaries/semreset.o
 .note.GNU-stack
                0x0000000000000000        0x0 binaries/send.o
 .note.GNU-stack
                0x0000000000000000        0x0 binaries/signal.o
 .note.GNU-stack
                0x0000000000000000        0x0 binaries/signaln.o
 .note.GNU-stack
                0x0000000000000000        0x0 binaries/sleep.o
 .note.GNU-stack
                0x0000000000000000        0x0 binaries/stacktrace.o
 .note.GNU-stack
                0x0000000000000000        0x0 binaries/suspend.o
 .note.GNU-stack
                0x0000000000000000        0x0 binaries/unsleep.o
 .note.GNU-stack
                0x0000000000000000        0x0 binaries/userret.o
 .note.GNU-stack
                0x0000000000000000        0x0 binaries/wait.o
 .note.GNU-stack
                0x0000000000000000        0x0 binaries/wakeup.o
 .note.GNU-stack
                0x0000000000000000        0x0 binaries/write.o
 .note.GNU-stack
                0x0000000000000000        0x0 binaries/xdone.o
 .note.GNU-stack
                0x0000000000000000        0x0 binaries/yield.o
 .note.GNU-stack
                0x0000000000000000        0x0 binaries/app1.o
 .note.GNU-stack
                0x0000000000000000        0x0 binaries/app2.o
 .note.GNU-stack
                0x0000000000000000        0x0 binaries/app3.o
 .note.GNU-stack
                0x0000000000000000        0x0 binaries/getppid.o
 .note.GNU-stack
                0x0000000000000000        0x0 binaries/getpstate.o
 .note.GNU-stack
                0x0000000000000000        0x0 binaries/mywelcomemsg.o
 .note.GNU-stack
                0x0000000000000000        0x0 binaries/host2netlb.o
 .note.GNU-stack
                0x0000000000000000        0x0 binaries/host2netlc.o
 .note.GNU-stack
                0x0000000000000000        0x0 binaries/prntsegaddr.o
 .note.GNU-stack
                0x0000000000000000        0x0 binaries/stackdepth.o
 .note.GNU-stack
                0x0000000000000000        0x0 binaries/stacktop.o
 .note.GNU-stack
                0x0000000000000000        0x0 binaries/myappA.o
 .note.GNU-stack
                0x0000000000000000        0x0 binaries/myhacker.o
 .note.GNU-stack
                0x0000000000000000        0x0 binaries/myvictim.o
 .note.GNU-stack
                0x0000000000000000        0x0 binaries/myhackermalware.o
 .note.GNU-stack
                0x0000000000000000        0x0 binaries/abs.o
 .note.GNU-stack
                0x0000000000000000        0x0 binaries/atoi.o
 .note.GNU-stack
                0x0000000000000000        0x0 binaries/atol.o
 .note.GNU-stack
                0x0000000000000000        0x0 binaries/bzero.o
 .note.GNU-stack
                0x0000000000000000        0x0 binaries/ctype_.o
 .note.GNU-stack
                0x0000000000000000        0x0 binaries/doprnt.o
 .note.GNU-stack
                0x0000000000000000        0x0 binaries/doscan.o
 .note.GNU-stack
                0x0000000000000000        0x0 binaries/fdoprnt.o
 .note.GNU-stack
                0x0000000000000000        0x0 binaries/fgetc.o
 .note.GNU-stack
                0x0000000000000000        0x0 binaries/fgets.o
 .note.GNU-stack
                0x0000000000000000        0x0 binaries/fprintf.o
 .note.GNU-stack
                0x0000000000000000        0x0 binaries/fputc.o
 .note.GNU-stack
                0x0000000000000000        0x0 binaries/fputs.o
 .note.GNU-stack
                0x0000000000000000        0x0 binaries/fscanf.o
 .note.GNU-stack
                0x0000000000000000        0x0 binaries/getchar.o
 .note.GNU-stack
                0x0000000000000000        0x0 binaries/labs.o
 .note.GNU-stack
                0x0000000000000000        0x0 binaries/memchr.o
 .note.GNU-stack
                0x0000000000000000        0x0 binaries/memcmp.o
 .note.GNU-stack
                0x0000000000000000        0x0 binaries/memcpy.o
 .note.GNU-stack
                0x0000000000000000        0x0 binaries/memset.o
 .note.GNU-stack
                0x0000000000000000        0x0 binaries/printf.o
 .note.GNU-stack
                0x0000000000000000        0x0 binaries/putchar.o
 .note.GNU-stack
                0x0000000000000000        0x0 binaries/qsort.o
 .note.GNU-stack
                0x0000000000000000        0x0 binaries/rand.o
 .note.GNU-stack
                0x0000000000000000        0x0 binaries/sprintf.o
 .note.GNU-stack
                0x0000000000000000        0x0 binaries/sscanf.o
 .note.GNU-stack
                0x0000000000000000        0x0 binaries/strchr.o
 .note.GNU-stack
                0x0000000000000000        0x0 binaries/strcmp.o
 .note.GNU-stack
                0x0000000000000000        0x0 binaries/strcpy.o
 .note.GNU-stack
                0x0000000000000000        0x0 binaries/strlen.o
 .note.GNU-stack
                0x0000000000000000        0x0 binaries/strncat.o
 .note.GNU-stack
                0x0000000000000000        0x0 binaries/strncmp.o
 .note.GNU-stack
                0x0000000000000000        0x0 binaries/strncpy.o
 .note.GNU-stack
                0x0000000000000000        0x0 binaries/strnlen.o
 .note.GNU-stack
                0x0000000000000000        0x0 binaries/strrchr.o
 .note.GNU-stack
                0x0000000000000000        0x0 binaries/strstr.o
 .note.GNU-stack
                0x0000000000000000        0x0 binaries/ttycontrol.o
 .note.GNU-stack
                0x0000000000000000        0x0 binaries/ttygetc.o
 .note.GNU-stack
                0x0000000000000000        0x0 binaries/ttyhandle_in.o
 .note.GNU-stack
                0x0000000000000000        0x0 binaries/ttyhandle_out.o
 .note.GNU-stack
                0x0000000000000000        0x0 binaries/ttyhandler.o
 .note.GNU-stack
                0x0000000000000000        0x0 binaries/ttyinit.o
 .note.GNU-stack
                0x0000000000000000        0x0 binaries/ttykickout.o
 .note.GNU-stack
                0x0000000000000000        0x0 binaries/ttyputc.o
 .note.GNU-stack
                0x0000000000000000        0x0 binaries/ttyread.o
 .note.GNU-stack
                0x0000000000000000        0x0 binaries/ttywrite.o
 .note.GNU-stack
                0x0000000000000000        0x0 binaries/mount.o
 .note.GNU-stack
                0x0000000000000000        0x0 binaries/naminit.o
 .note.GNU-stack
                0x0000000000000000        0x0 binaries/nammap.o
 .note.GNU-stack
                0x0000000000000000        0x0 binaries/namopen.o
 .note.GNU-stack
                0x0000000000000000        0x0 binaries/colon2mac.o
 .note.GNU-stack
                0x0000000000000000        0x0 binaries/ethcontrol.o
 .note.GNU-stack
                0x0000000000000000        0x0 binaries/ethhandler.o
 .note.GNU-stack
                0x0000000000000000        0x0 binaries/ethinit.o
 .note.GNU-stack
                0x0000000000000000        0x0 binaries/ethmcast.o
 .note.GNU-stack
                0x0000000000000000        0x0 binaries/ethread.o
 .note.GNU-stack
                0x0000000000000000        0x0 binaries/ethwrite.o
 .note.GNU-stack
                0x0000000000000000        0x0 binaries/rdsbufalloc.o
 .note.GNU-stack
                0x0000000000000000        0x0 binaries/rdsclose.o
 .note.GNU-stack
                0x0000000000000000        0x0 binaries/rdscomm.o
 .note.GNU-stack
                0x0000000000000000        0x0 binaries/rdscontrol.o
 .note.GNU-stack
                0x0000000000000000        0x0 binaries/rdsinit.o
 .note.GNU-stack
                0x0000000000000000        0x0 binaries/rdsopen.o
 .note.GNU-stack
                0x0000000000000000        0x0 binaries/rdsprocess.o
 .note.GNU-stack
                0x0000000000000000        0x0 binaries/rdsread.o
 .note.GNU-stack
                0x0000000000000000        0x0 binaries/rdswrite.o
 .note.GNU-stack
                0x0000000000000000        0x0 binaries/ramclose.o
 .note.GNU-stack
                0x0000000000000000        0x0 binaries/raminit.o
 .note.GNU-stack
                0x0000000000000000        0x0 binaries/ramopen.o
 .note.GNU-stack
                0x0000000000000000        0x0 binaries/ramread.o
 .note.GNU-stack
                0x0000000000000000        0x0 binaries/ramwrite.o
 .note.GNU-stack
                0x0000000000000000        0x0 binaries/lfdballoc.o
 .note.GNU-stack
                0x0000000000000000        0x0 binaries/lfdbfree.o
 .note.GNU-stack
                0x0000000000000000        0x0 binaries/lfflush.o
 .note.GNU-stack
                0x0000000000000000        0x0 binaries/lfgetmode.o
 .note.GNU-stack
                0x0000000000000000        0x0 binaries/lfiballoc.o
 .note.GNU-stack
                0x0000000000000000        0x0 binaries/lfibclear.o
 .note.GNU-stack
                0x0000000000000000        0x0 binaries/lfibget.o
 .note.GNU-stack
                0x0000000000000000        0x0 binaries/lfibput.o
 .note.GNU-stack
                0x0000000000000000        0x0 binaries/lflclose.o
 .note.GNU-stack
                0x0000000000000000        0x0 binaries/lflcontrol.o
 .note.GNU-stack
                0x0000000000000000        0x0 binaries/lflgetc.o
 .note.GNU-stack
                0x0000000000000000        0x0 binaries/lflinit.o
 .note.GNU-stack
                0x0000000000000000        0x0 binaries/lflputc.o
 .note.GNU-stack
                0x0000000000000000        0x0 binaries/lflread.o
 .note.GNU-stack
                0x0000000000000000        0x0 binaries/lflseek.o
 .note.GNU-stack
                0x0000000000000000        0x0 binaries/lflwrite.o
 .note.GNU-stack
                0x0000000000000000        0x0 binaries/lfsckfmt.o
 .note.GNU-stack
                0x0000000000000000        0x0 binaries/lfscreate.o
 .note.GNU-stack
                0x0000000000000000        0x0 binaries/lfsetup.o
 .note.GNU-stack
                0x0000000000000000        0x0 binaries/lfsinit.o
 .note.GNU-stack
                0x0000000000000000        0x0 binaries/lfsopen.o
 .note.GNU-stack
                0x0000000000000000        0x0 binaries/lftruncate.o
 .note.GNU-stack
                0x0000000000000000        0x0 binaries/rflclose.o
 .note.GNU-stack
                0x0000000000000000        0x0 binaries/rflgetc.o
 .note.GNU-stack
                0x0000000000000000        0x0 binaries/rflinit.o
 .note.GNU-stack
                0x0000000000000000        0x0 binaries/rflputc.o
 .note.GNU-stack
                0x0000000000000000        0x0 binaries/rflread.o
 .note.GNU-stack
                0x0000000000000000        0x0 binaries/rflseek.o
 .note.GNU-stack
                0x0000000000000000        0x0 binaries/rflwrite.o
 .note.GNU-stack
                0x0000000000000000        0x0 binaries/rfscomm.o
 .note.GNU-stack
                0x0000000000000000        0x0 binaries/rfscontrol.o
 .note.GNU-stack
                0x0000000000000000        0x0 binaries/rfsgetmode.o
 .note.GNU-stack
                0x0000000000000000        0x0 binaries/rfsinit.o
 .note.GNU-stack
                0x0000000000000000        0x0 binaries/rfsndmsg.o
 .note.GNU-stack
                0x0000000000000000        0x0 binaries/rfsopen.o
 .note.GNU-stack
                0x0000000000000000        0x0 binaries/arp.o
 .note.GNU-stack
                0x0000000000000000        0x0 binaries/dhcp.o
 .note.GNU-stack
                0x0000000000000000        0x0 binaries/dot2ip.o
 .note.GNU-stack
                0x0000000000000000        0x0 binaries/hexdump.o
 .note.GNU-stack
                0x0000000000000000        0x0 binaries/icmp.o
 .note.GNU-stack
                0x0000000000000000        0x0 binaries/ip.o
 .note.GNU-stack
                0x0000000000000000        0x0 binaries/net.o
 .note.GNU-stack
                0x0000000000000000        0x0 binaries/netstart.o
 .note.GNU-stack
                0x0000000000000000        0x0 binaries/pdump.o
 .note.GNU-stack
                0x0000000000000000        0x0 binaries/tftp.o
 .note.GNU-stack
                0x0000000000000000        0x0 binaries/udp.o
 .note.GNU-stack
                0x0000000000000000        0x0 binaries/addargs.o
 .note.GNU-stack
                0x0000000000000000        0x0 binaries/lexan.o
 .note.GNU-stack
                0x0000000000000000        0x0 binaries/shell.o
 .note.GNU-stack
                0x0000000000000000        0x0 binaries/xsh_argecho.o
 .note.GNU-stack
                0x0000000000000000        0x0 binaries/xsh_arp.o
 .note.GNU-stack
                0x0000000000000000        0x0 binaries/xsh_cat.o
 .note.GNU-stack
                0x0000000000000000        0x0 binaries/xsh_clear.o
 .note.GNU-stack
                0x0000000000000000        0x0 binaries/xsh_date.o
 .note.GNU-stack
                0x0000000000000000        0x0 binaries/xsh_devdump.o
 .note.GNU-stack
                0x0000000000000000        0x0 binaries/xsh_echo.o
 .note.GNU-stack
                0x0000000000000000        0x0 binaries/xsh_exit.o
 .note.GNU-stack
                0x0000000000000000        0x0 binaries/xsh_help.o
 .note.GNU-stack
                0x0000000000000000        0x0 binaries/xsh_ipaddr.o
 .note.GNU-stack
                0x0000000000000000        0x0 binaries/xsh_kill.o
 .note.GNU-stack
                0x0000000000000000        0x0 binaries/xsh_memdump.o
 .note.GNU-stack
                0x0000000000000000        0x0 binaries/xsh_memstat.o
 .note.GNU-stack
                0x0000000000000000        0x0 binaries/xsh_ping.o
 .note.GNU-stack
                0x0000000000000000        0x0 binaries/xsh_ps.o
 .note.GNU-stack
                0x0000000000000000        0x0 binaries/xsh_sleep.o
 .note.GNU-stack
                0x0000000000000000        0x0 binaries/xsh_udpdump.o
 .note.GNU-stack
                0x0000000000000000        0x0 binaries/xsh_udpecho.o
 .note.GNU-stack
                0x0000000000000000        0x0 binaries/xsh_udpeserver.o
 .note.GNU-stack
                0x0000000000000000        0x0 binaries/xsh_uptime.o
